Component: ARM Compiler 5.05 update 1 (build 106) Tool: armlink [4d0efa]

==============================================================================

Section Cross References

    main.o(.text) refers to cpu_core.o(.text) for CPU_Init
    main.o(.text) refers to os_stat.o(.text) for OSStatTaskCPUUsageInit
    main.o(.text) refers to os_core.o(.text) for OSSchedRoundRobinCfg
    main.o(.text) refers to init.o(.text) for RemoteCar_Init
    main.o(.text) refers to cpu_a.o(.text) for CPU_SR_Save
    main.o(.text) refers to task_data_input.o(.text) for task_CreateInputTask
    main.o(.text) refers to task_data_remap.o(.text) for task_CreateRemapTask
    main.o(.text) refers to task_data_output.o(.text) for task_CreateOutputTask
    main.o(.text) refers to os_task.o(.text) for OSTaskDel
    main.o(.text) refers to stm32f10x_rcc.o(.text) for RCC_DeInit
    main.o(.text) refers to stm32f10x_flash.o(.text) for FLASH_PrefetchBufferCmd
    main.o(.text) refers to delay.o(.text) for delay_init
    main.o(.text) refers to os_var.o(.data) for OSSchedLockNestingCtr
    main.o(.text) refers to main.o(.bss) for START_TASK_STK
    stm32f10x_cardrive.o(.text) refers to stm32f10x_motor.o(.text) for Motor_StructInit
    stm32f10x_cardrive.o(.text) refers to frleqf.o(x$fpl$frleqf) for __aeabi_cfrcmple
    stm32f10x_cardrive.o(.text) refers to fmul.o(x$fpl$fmul) for __aeabi_fmul
    stm32f10x_cardrive.o(.text) refers to f2d.o(x$fpl$f2d) for __aeabi_f2d
    stm32f10x_cardrive.o(.text) refers to dleqf.o(x$fpl$dleqf) for __aeabi_cdcmple
    stm32f10x_cardrive.o(.text) refers to fleqf.o(x$fpl$fleqf) for __aeabi_cfcmple
    stm32f10x_cardrive.o(.text) refers to daddsub_clz.o(x$fpl$drsb) for __aeabi_drsub
    stm32f10x_cardrive.o(.text) refers to dmul.o(x$fpl$dmul) for __aeabi_dmul
    stm32f10x_cardrive.o(.text) refers to d2f.o(x$fpl$d2f) for __aeabi_d2f
    stm32f10x_cardrive.o(.text) refers to stm32f10x_motor.o(.bss) for MOTOR2_BASE
    stm32f10x_cardrive.o(.text) refers to stm32f10x_cardrive.o(.bss) for Car
    stm32f10x_motor.o(.text) refers to stm32f10x_pwmout.o(.text) for PWMout_StructInit
    stm32f10x_motor.o(.text) refers to stm32f10x_gpio.o(.text) for GPIO_Init
    stm32f10x_motor.o(.text) refers to fmul.o(x$fpl$fmul) for __aeabi_fmul
    stm32f10x_motor.o(.text) refers to frleqf.o(x$fpl$frleqf) for __aeabi_cfrcmple
    stm32f10x_motor.o(.text) refers to fleqf.o(x$fpl$fleqf) for __aeabi_cfcmple
    stm32f10x_motor.o(.text) refers to f2d.o(x$fpl$f2d) for __aeabi_f2d
    stm32f10x_motor.o(.text) refers to d2f.o(x$fpl$d2f) for __aeabi_d2f
    stm32f10x_motor.o(.text) refers to stm32f10x_motor.o(.bss) for MOTOR1_BASE
    stm32f10x_motor.o(.text) refers to stm32f10x_pwmout.o(.bss) for PWMout1_BASE
    stm32f10x_pwmout.o(.text) refers to fflt_clz.o(x$fpl$ffltu) for __aeabi_ui2f
    stm32f10x_pwmout.o(.text) refers to fdiv.o(x$fpl$fdiv) for __aeabi_fdiv
    stm32f10x_pwmout.o(.text) refers to f2d.o(x$fpl$f2d) for __aeabi_f2d
    stm32f10x_pwmout.o(.text) refers to ceil.o(i.ceil) for ceil
    stm32f10x_pwmout.o(.text) refers to dfixu.o(x$fpl$dfixu) for __aeabi_d2uiz
    stm32f10x_pwmout.o(.text) refers to fmul.o(x$fpl$fmul) for __aeabi_fmul
    stm32f10x_pwmout.o(.text) refers to daddsub_clz.o(x$fpl$dadd) for __aeabi_dadd
    stm32f10x_pwmout.o(.text) refers to d2f.o(x$fpl$d2f) for __aeabi_d2f
    stm32f10x_pwmout.o(.text) refers to floorf.o(i.floorf) for floorf
    stm32f10x_pwmout.o(.text) refers to ffixu.o(x$fpl$ffixu) for __aeabi_f2uiz
    stm32f10x_pwmout.o(.text) refers to stm32f10x_tim.o(.text) for TIM_TimeBaseStructInit
    stm32f10x_pwmout.o(.text) refers to stm32f10x_gpio.o(.text) for GPIO_StructInit
    stm32f10x_pwmout.o(.text) refers to frleqf.o(x$fpl$frleqf) for __aeabi_cfrcmple
    stm32f10x_pwmout.o(.text) refers to fleqf.o(x$fpl$fleqf) for __aeabi_cfcmple
    stm32f10x_pwmout.o(.text) refers to stm32f10x_pwmout.o(.bss) for PWMout1_BASE
    device_timer.o(.text) refers to stm32f10x_rcc.o(.text) for RCC_GetClocksFreq
    device_timer.o(.text) refers to misc.o(.text) for SysTick_CLKSourceConfig
    init.o(.text) refers to stm32f10x_lorasbus.o(.text) for LoraSBUS_StructInit
    init.o(.text) refers to stm32f10x_cardrive.o(.text) for Car_StructInit
    init.o(.text) refers to stm32f10x_lora.o(.bss) for Lora1_BASE
    init.o(.text) refers to stm32f10x_lorasbus.o(.bss) for LoraSBUS1_BASE
    stm32f10x_lora.o(.text) refers to stm32f10x_scom.o(.text) for SCOM_ReadData
    stm32f10x_lora.o(.text) refers to stm32f10x_gpio.o(.text) for GPIO_Init
    stm32f10x_lora.o(.text) refers to rt_memcpy_v6.o(.text) for __aeabi_memcpy
    stm32f10x_lora.o(.text) refers to stm32f10x_lora.o(.bss) for Lora1_BASE
    stm32f10x_lora.o(.text) refers to stm32f10x_scom.o(.bss) for SCOM3_BASE
    stm32f10x_lorasbus.o(.text) refers to stm32f10x_lora.o(.text) for Lora_StructInit
    stm32f10x_lorasbus.o(.text) refers to rt_memcpy_w.o(.text) for __aeabi_memcpy4
[...]
    FLASH_GetReadOutProtectionStatus         0x08003347   Thumb Code    20  stm32f10x_flash.o(.text)
    FLASH_EraseOptionBytes                   0x0800335b   Thumb Code   150  stm32f10x_flash.o(.text)
    FLASH_ProgramWord                        0x080033f1   Thumb Code   102  stm32f10x_flash.o(.text)
    FLASH_ProgramHalfWord                    0x08003457   Thumb Code    60  stm32f10x_flash.o(.text)
    FLASH_ProgramOptionByteData              0x08003493   Thumb Code    72  stm32f10x_flash.o(.text)
    FLASH_EnableWriteProtection              0x080034db   Thumb Code   200  stm32f10x_flash.o(.text)
    FLASH_ReadOutProtection                  0x080035a3   Thumb Code   156  stm32f10x_flash.o(.text)
    FLASH_UserOptionByteConfig               0x0800363f   Thumb Code    88  stm32f10x_flash.o(.text)
    FLASH_GetUserOptionByte                  0x08003697   Thumb Code     8  stm32f10x_flash.o(.text)
    FLASH_GetWriteProtectionOptionByte       0x0800369f   Thumb Code     6  stm32f10x_flash.o(.text)
    FLASH_GetPrefetchBufferStatus            0x080036a5   Thumb Code    20  stm32f10x_flash.o(.text)
    FLASH_ITConfig                           0x080036b9   Thumb Code    26  stm32f10x_flash.o(.text)
    FLASH_GetFlagStatus                      0x080036d3   Thumb Code    42  stm32f10x_flash.o(.text)
    FLASH_ClearFlag                          0x080036fd   Thumb Code     6  stm32f10x_flash.o(.text)
    FLASH_GetStatus                          0x08003703   Thumb Code    48  stm32f10x_flash.o(.text)
    DMA_DeInit                               0x08003745   Thumb Code   324  stm32f10x_dma.o(.text)
    DMA_Init                                 0x08003889   Thumb Code    60  stm32f10x_dma.o(.text)
    DMA_StructInit                           0x080038c5   Thumb Code    26  stm32f10x_dma.o(.text)
    DMA_Cmd                                  0x080038df   Thumb Code    24  stm32f10x_dma.o(.text)
    DMA_ITConfig                             0x080038f7   Thumb Code    18  stm32f10x_dma.o(.text)
    DMA_SetCurrDataCounter                   0x08003909   Thumb Code     4  stm32f10x_dma.o(.text)
    DMA_GetCurrDataCounter                   0x0800390d   Thumb Code     8  stm32f10x_dma.o(.text)
    DMA_GetFlagStatus                        0x08003915   Thumb Code    40  stm32f10x_dma.o(.text)
    DMA_ClearFlag                            0x0800393d   Thumb Code    22  stm32f10x_dma.o(.text)
    DMA_GetITStatus                          0x08003953   Thumb Code    40  stm32f10x_dma.o(.text)
    DMA_ClearITPendingBit                    0x0800397b   Thumb Code    22  stm32f10x_dma.o(.text)
    TIM_DeInit                               0x08003999   Thumb Code   424  stm32f10x_tim.o(.text)
    TIM_TimeBaseInit                         0x08003b41   Thumb Code   122  stm32f10x_tim.o(.text)
    TIM_OC1Init                              0x08003bbb   Thumb Code   132  stm32f10x_tim.o(.text)
    TIM_OC2Init                              0x08003c3f   Thumb Code   154  stm32f10x_tim.o(.text)
    TIM_OC3Init                              0x08003cd9   Thumb Code   150  stm32f10x_tim.o(.text)
    TIM_OC4Init                              0x08003d6f   Thumb Code   182  stm32f10x_tim.o(.text)
    TIM_SetIC4Prescaler                      0x08003e25   Thumb Code    26  stm32f10x_tim.o(.text)
    TIM_SetIC3Prescaler                      0x08003ec1   Thumb Code    18  stm32f10x_tim.o(.text)
    TIM_SetIC2Prescaler                      0x08003f4d   Thumb Code    26  stm32f10x_tim.o(.text)
    TIM_SetIC1Prescaler                      0x08003fe9   Thumb Code    18  stm32f10x_tim.o(.text)
    TIM_ICInit                               0x08004067   Thumb Code   150  stm32f10x_tim.o(.text)
    TIM_PWMIConfig                           0x080040fd   Thumb Code   124  stm32f10x_tim.o(.text)
    TIM_BDTRConfig                           0x08004179   Thumb Code    32  stm32f10x_tim.o(.text)
    TIM_TimeBaseStructInit                   0x08004199   Thumb Code    18  stm32f10x_tim.o(.text)
    TIM_OCStructInit                         0x080041ab   Thumb Code    20  stm32f10x_tim.o(.text)
    TIM_ICStructInit                         0x080041bf   Thumb Code    18  stm32f10x_tim.o(.text)
    TIM_BDTRStructInit                       0x080041d1   Thumb Code    40  stm32f10x_tim.o(.text)
    TIM_Cmd                                  0x080041f9   Thumb Code    24  stm32f10x_tim.o(.text)
    TIM_CtrlPWMOutputs                       0x08004211   Thumb Code    30  stm32f10x_tim.o(.text)
    TIM_ITConfig                             0x0800422f   Thumb Code    18  stm32f10x_tim.o(.text)
    TIM_GenerateEvent                        0x08004241   Thumb Code     4  stm32f10x_tim.o(.text)
    TIM_DMAConfig                            0x08004245   Thumb Code    10  stm32f10x_tim.o(.text)
    TIM_DMACmd                               0x0800424f   Thumb Code    18  stm32f10x_tim.o(.text)
    TIM_InternalClockConfig                  0x08004261   Thumb Code    12  stm32f10x_tim.o(.text)
    TIM_SelectInputTrigger                   0x0800426d   Thumb Code    18  stm32f10x_tim.o(.text)
    TIM_ITRxExternalClockConfig              0x0800427f   Thumb Code    24  stm32f10x_tim.o(.text)
    TIM_TIxExternalClockConfig               0x08004297   Thumb Code    62  stm32f10x_tim.o(.text)
    TIM_ETRConfig                            0x080042d5   Thumb Code    28  stm32f10x_tim.o(.text)
    TIM_ETRClockMode1Config                  0x080042f1   Thumb Code    54  stm32f10x_tim.o(.text)
    TIM_ETRClockMode2Config                  0x08004327   Thumb Code    32  stm32f10x_tim.o(.text)
    TIM_PrescalerConfig                      0x08004347   Thumb Code     6  stm32f10x_tim.o(.text)
    TIM_CounterModeConfig                    0x0800434d   Thumb Code    18  stm32f10x_tim.o(.text)
    TIM_EncoderInterfaceConfig               0x0800435f   Thumb Code    66  stm32f10x_tim.o(.text)
    TIM_ForcedOC1Config                      0x080043a1   Thumb Code    18  stm32f10x_tim.o(.text)
    TIM_ForcedOC2Config                      0x080043b3   Thumb Code    26  stm32f10x_tim.o(.text)
    TIM_ForcedOC3Config                      0x080043cd   Thumb Code    18  stm32f10x_tim.o(.text)
    TIM_ForcedOC4Config                      0x080043df   Thumb Code    26  stm32f10x_tim.o(.text)
    TIM_ARRPreloadConfig                     0x080043f9   Thumb Code    24  stm32f10x_tim.o(.text)
    TIM_SelectCOM                            0x08004411   Thumb Code    24  stm32f10x_tim.o(.text)
    TIM_SelectCCDMA                          0x08004429   Thumb Code    24  stm32f10x_tim.o(.text)
    TIM_CCPreloadControl                     0x08004441   Thumb Code    24  stm32f10x_tim.o(.text)
    TIM_OC1PreloadConfig                     0x08004459   Thumb Code    18  stm32f10x_tim.o(.text)
    TIM_OC2PreloadConfig                     0x0800446b   Thumb Code    26  stm32f10x_tim.o(.text)
    TIM_OC3PreloadConfig                     0x08004485   Thumb Code    18  stm32f10x_tim.o(.text)
    TIM_OC4PreloadConfig                     0x08004497   Thumb Code    26  stm32f10x_tim.o(.text)
    TIM_OC1FastConfig                        0x080044b1   Thumb Code    18  stm32f10x_tim.o(.text)
    TIM_OC2FastConfig                        0x080044c3   Thumb Code    26  stm32f10x_tim.o(.text)
    TIM_OC3FastConfig                        0x080044dd   Thumb Code    18  stm32f10x_tim.o(.text)
    TIM_OC4FastConfig                        0x080044ef   Thumb Code    26  stm32f10x_tim.o(.text)
    TIM_ClearOC1Ref                          0x08004509   Thumb Code    18  stm32f10x_tim.o(.text)
    TIM_ClearOC2Ref                          0x0800451b   Thumb Code    24  stm32f10x_tim.o(.text)
    TIM_ClearOC3Ref                          0x08004533   Thumb Code    18  stm32f10x_tim.o(.text)
    TIM_ClearOC4Ref                          0x08004545   Thumb Code    24  stm32f10x_tim.o(.text)
    TIM_OC1PolarityConfig                    0x0800455d   Thumb Code    18  stm32f10x_tim.o(.text)
    TIM_OC1NPolarityConfig                   0x0800456f   Thumb Code    18  stm32f10x_tim.o(.text)
    TIM_OC2PolarityConfig                    0x08004581   Thumb Code    26  stm32f10x_tim.o(.text)
    TIM_OC2NPolarityConfig                   0x0800459b   Thumb Code    26  stm32f10x_tim.o(.text)
    TIM_OC3PolarityConfig                    0x080045b5   Thumb Code    26  stm32f10x_tim.o(.text)
    TIM_OC3NPolarityConfig                   0x080045cf   Thumb Code    26  stm32f10x_tim.o(.text)
    TIM_OC4PolarityConfig                    0x080045e9   Thumb Code    26  stm32f10x_tim.o(.text)
    TIM_CCxCmd                               0x08004603   Thumb Code    30  stm32f10x_tim.o(.text)
    TIM_CCxNCmd                              0x08004621   Thumb Code    30  stm32f10x_tim.o(.text)
    TIM_SelectOCxM                           0x0800463f   Thumb Code    82  stm32f10x_tim.o(.text)
    TIM_UpdateDisableConfig                  0x08004691   Thumb Code    24  stm32f10x_tim.o(.text)
    TIM_UpdateRequestConfig                  0x080046a9   Thumb Code    24  stm32f10x_tim.o(.text)
    TIM_SelectHallSensor                     0x080046c1   Thumb Code    24  stm32f10x_tim.o(.text)
    TIM_SelectOnePulseMode                   0x080046d9   Thumb Code    18  stm32f10x_tim.o(.text)
    TIM_SelectOutputTrigger                  0x080046eb   Thumb Code    18  stm32f10x_tim.o(.text)
    TIM_SelectSlaveMode                      0x080046fd   Thumb Code    18  stm32f10x_tim.o(.text)
    TIM_SelectMasterSlaveMode                0x0800470f   Thumb Code    18  stm32f10x_tim.o(.text)
    TIM_SetCounter                           0x08004721   Thumb Code     4  stm32f10x_tim.o(.text)
    TIM_SetAutoreload                        0x08004725   Thumb Code     4  stm32f10x_tim.o(.text)
    TIM_SetCompare1                          0x08004729   Thumb Code     4  stm32f10x_tim.o(.text)
    TIM_SetCompare2                          0x0800472d   Thumb Code     4  stm32f10x_tim.o(.text)
    TIM_SetCompare3                          0x08004731   Thumb Code     4  stm32f10x_tim.o(.text)
    TIM_SetCompare4                          0x08004735   Thumb Code     6  stm32f10x_tim.o(.text)
    TIM_SetClockDivision                     0x0800473b   Thumb Code    18  stm32f10x_tim.o(.text)
    TIM_GetCapture1                          0x0800474d   Thumb Code     6  stm32f10x_tim.o(.text)
    TIM_GetCapture2                          0x08004753   Thumb Code     6  stm32f10x_tim.o(.text)
    TIM_GetCapture3                          0x08004759   Thumb Code     6  stm32f10x_tim.o(.text)
    TIM_GetCapture4                          0x0800475f   Thumb Code     8  stm32f10x_tim.o(.text)
    TIM_GetCounter                           0x08004767   Thumb Code     6  stm32f10x_tim.o(.text)
    TIM_GetPrescaler                         0x0800476d   Thumb Code     6  stm32f10x_tim.o(.text)
    TIM_GetFlagStatus                        0x08004773   Thumb Code    18  stm32f10x_tim.o(.text)
    TIM_ClearFlag                            0x08004785   Thumb Code     6  stm32f10x_tim.o(.text)
    TIM_GetITStatus                          0x0800478b   Thumb Code    34  stm32f10x_tim.o(.text)
    TIM_ClearITPendingBit                    0x080047ad   Thumb Code     6  stm32f10x_tim.o(.text)
    BSP_CPU_ClkFreq                          0x080047b5   Thumb Code    16  bsp.o(.text)
    CPU_TS_TmrInit                           0x080047c5   Thumb Code    44  bsp.o(.text)
    CPU_TS_TmrRd                             0x080047f1   Thumb Code     6  bsp.o(.text)
    CPU_TS32_to_uSec                         0x080047f7   Thumb Code    54  bsp.o(.text)
    CPU_NameClr                              0x08004839   Thumb Code    42  cpu_core.o(.text)
    CPU_Init                                 0x08004879   Thumb Code    12  cpu_core.o(.text)
    CPU_SW_Exception                         0x08004885   Thumb Code     4  cpu_core.o(.text)
    CPU_NameGet                              0x08004889   Thumb Code    70  cpu_core.o(.text)
    CPU_NameSet                              0x080048cf   Thumb Code    96  cpu_core.o(.text)
    CPU_TS_Get32                             0x0800492f   Thumb Code    12  cpu_core.o(.text)
    CPU_TS_Update                            0x0800493b   Thumb Code     2  cpu_core.o(.text)
    CPU_TS_TmrFreqGet                        0x0800493d   Thumb Code    30  cpu_core.o(.text)
    CPU_TS_TmrFreqSet                        0x0800495b   Thumb Code     6  cpu_core.o(.text)
    CPU_CntLeadZeros08                       0x08004961   Thumb Code    18  cpu_core.o(.text)
    CPU_CntLeadZeros16                       0x08004973   Thumb Code    18  cpu_core.o(.text)
    CPU_CntLeadZeros32                       0x08004985   Thumb Code    18  cpu_core.o(.text)
    CPU_CntLeadZeros64                       0x08004997   Thumb Code   188  cpu_core.o(.text)
    CPU_CntTrailZeros08                      0x08004a53   Thumb Code    22  cpu_core.o(.text)
    CPU_CntTrailZeros16                      0x08004a69   Thumb Code    22  cpu_core.o(.text)
    CPU_CntTrailZeros32                      0x08004a7f   Thumb Code    22  cpu_core.o(.text)
    CPU_CntTrailZeros64                      0x08004a95   Thumb Code    62  cpu_core.o(.text)
    CPU_IntDis                               0x08004ae1   Thumb Code     0  cpu_a.o(.text)
    CPU_IntEn                                0x08004ae5   Thumb Code     0  cpu_a.o(.text)
    CPU_SR_Save                              0x08004ae9   Thumb Code     0  cpu_a.o(.text)
    CPU_SR_Restore                           0x08004af1   Thumb Code     0  cpu_a.o(.text)
    CPU_WaitForInt                           0x08004af7   Thumb Code     0  cpu_a.o(.text)
    CPU_WaitForExcept                        0x08004afb   Thumb Code     0  cpu_a.o(.text)
    CPU_CntLeadZeros                         0x08004aff   Thumb Code     0  cpu_a.o(.text)
    CPU_CntTrailZeros                        0x08004b05   Thumb Code     0  cpu_a.o(.text)
    CPU_RevBits                              0x08004b0f   Thumb Code     0  cpu_a.o(.text)
    ASCII_IsAlpha                            0x08004b15   Thumb Code    48  lib_ascii.o(.text)
    ASCII_IsAlphaNum                         0x08004b45   Thumb Code    76  lib_ascii.o(.text)
    ASCII_IsLower                            0x08004b91   Thumb Code    20  lib_ascii.o(.text)
    ASCII_IsUpper                            0x08004ba5   Thumb Code    20  lib_ascii.o(.text)
    ASCII_IsDig                              0x08004bb9   Thumb Code    20  lib_ascii.o(.text)
    ASCII_IsDigOct                           0x08004bcd   Thumb Code    20  lib_ascii.o(.text)
    ASCII_IsDigHex                           0x08004be1   Thumb Code    36  lib_ascii.o(.text)
    ASCII_IsBlank                            0x08004c05   Thumb Code    20  lib_ascii.o(.text)
    ASCII_IsSpace                            0x08004c19   Thumb Code    36  lib_ascii.o(.text)
    ASCII_IsPrint                            0x08004c3d   Thumb Code    20  lib_ascii.o(.text)
    ASCII_IsGraph                            0x08004c51   Thumb Code    20  lib_ascii.o(.text)
    ASCII_IsPunct                            0x08004c65   Thumb Code   134  lib_ascii.o(.text)
    ASCII_IsCtrl                             0x08004ceb   Thumb Code    26  lib_ascii.o(.text)
    ASCII_ToLower                            0x08004d05   Thumb Code    32  lib_ascii.o(.text)
    ASCII_ToUpper                            0x08004d25   Thumb Code    32  lib_ascii.o(.text)
    ASCII_Cmp                                0x08004d45   Thumb Code    38  lib_ascii.o(.text)
    Mem_Init                                 0x08004d6d   Thumb Code    54  lib_mem.o(.text)
    Mem_Set                                  0x08004da3   Thumb Code    84  lib_mem.o(.text)
    Mem_Clr                                  0x08004df7   Thumb Code    18  lib_mem.o(.text)
    Mem_Move                                 0x08004e09   Thumb Code   186  lib_mem.o(.text)
    Mem_Cmp                                  0x08004ec3   Thumb Code   192  lib_mem.o(.text)
    Mem_HeapAlloc                            0x08004ffb   Thumb Code   168  lib_mem.o(.text)
    Mem_SegGetSizeRem                        0x080050a3   Thumb Code   108  lib_mem.o(.text)
    Mem_HeapGetSizeRem                       0x0800510f   Thumb Code    22  lib_mem.o(.text)
    Mem_PoolClr                              0x08005125   Thumb Code    80  lib_mem.o(.text)
    Mem_PoolCreate                           0x08005175   Thumb Code   838  lib_mem.o(.text)
    Mem_PoolBlkGetNbrAvail                   0x080054bb   Thumb Code    52  lib_mem.o(.text)
    Mem_PoolBlkGet                           0x080054ef   Thumb Code   126  lib_mem.o(.text)
    Mem_PoolBlkGetUsedAtIx                   0x0800556d   Thumb Code   140  lib_mem.o(.text)
    Mem_PoolBlkFree                          0x080055f9   Thumb Code   152  lib_mem.o(.text)
    Mem_PoolBlkIxGet                         0x08005691   Thumb Code   162  lib_mem.o(.text)
    Str_Len_N                                0x08005735   Thumb Code    28  lib_str.o(.text)
    Str_Len                                  0x08005751   Thumb Code    20  lib_str.o(.text)
    Str_Copy_N                               0x08005765   Thumb Code    70  lib_str.o(.text)
    Str_Copy                                 0x080057ab   Thumb Code    24  lib_str.o(.text)
    Str_Cat_N                                0x080057c3   Thumb Code    90  lib_str.o(.text)
    Str_Cat                                  0x0800581d   Thumb Code    24  lib_str.o(.text)
    Str_Cmp_N                                0x08005835   Thumb Code   156  lib_str.o(.text)
    Str_Cmp                                  0x080058d1   Thumb Code    24  lib_str.o(.text)
    Str_CmpIgnoreCase_N                      0x080058e9   Thumb Code   264  lib_str.o(.text)
    Str_CmpIgnoreCase                        0x080059f1   Thumb Code    24  lib_str.o(.text)
    Str_Char_N                               0x08005a09   Thumb Code    74  lib_str.o(.text)
    Str_Char                                 0x08005a53   Thumb Code    24  lib_str.o(.text)
    Str_Char_Last_N                          0x08005a6b   Thumb Code    76  lib_str.o(.text)
    Str_Char_Last                            0x08005ab7   Thumb Code    24  lib_str.o(.text)
    Str_Char_Replace_N                       0x08005acf   Thumb Code    52  lib_str.o(.text)
    Str_Char_Replace                         0x08005b03   Thumb Code    28  lib_str.o(.text)
    Str_Str_N                                0x08005b1f   Thumb Code   182  lib_str.o(.text)
    Str_Str                                  0x08005bd5   Thumb Code    24  lib_str.o(.text)
    Str_FmtNbr_Int32U                        0x08005dc9   Thumb Code    46  lib_str.o(.text)
    Str_FmtNbr_Int32S                        0x08005df7   Thumb Code    62  lib_str.o(.text)
    Str_ParseNbr_Int32U                      0x08005ff3   Thumb Code    30  lib_str.o(.text)
    Str_ParseNbr_Int32S                      0x08006011   Thumb Code    74  lib_str.o(.text)
    Mem_Copy                                 0x08006061   Thumb Code     0  lib_mem_a.o(.text)
    OSCfg_Init                               0x08006281   Thumb Code    86  os_cfg_app.o(.text)
    OS_IdleTask                              0x0800637d   Thumb Code    60  os_core.o(.text)
    OS_IdleTaskInit                          0x080063b9   Thumb Code    68  os_core.o(.text)
    OS_RdyListInit                           0x080063fd   Thumb Code    32  os_core.o(.text)
    OSInit                                   0x0800641d   Thumb Code   300  os_core.o(.text)
    OSIntEnter                               0x08006549   Thumb Code    34  os_core.o(.text)
    OSIntExit                                0x0800656b   Thumb Code   192  os_core.o(.text)
    OSSched                                  0x0800662b   Thumb Code   134  os_core.o(.text)
    OS_SchedLockTimeMeasStart                0x080066b1   Thumb Code    20  os_core.o(.text)
    OSSchedLock                              0x080066c5   Thumb Code   104  os_core.o(.text)
    OS_SchedLockTimeMeasStop                 0x0800672d   Thumb Code    44  os_core.o(.text)
    OSSchedUnlock                            0x08006759   Thumb Code   290  os_core.o(.text)
    OSSchedRoundRobinCfg                     0x0800687b   Thumb Code    88  os_core.o(.text)
    OS_RdyListMoveHeadToTail                 0x080068d3   Thumb Code    68  os_core.o(.text)
    OSSchedRoundRobinYield                   0x08006917   Thumb Code   164  os_core.o(.text)
    OSStart                                  0x080069bb   Thumb Code    78  os_core.o(.text)
    OSVersion                                0x08006a09   Thumb Code    12  os_core.o(.text)
    OS_PendDbgNameAdd                        0x08006a15   Thumb Code    66  os_core.o(.text)
    OS_PendListInsertPrio                    0x08006a57   Thumb Code   102  os_core.o(.text)
    OS_PendDataInit                          0x08006abd   Thumb Code    38  os_core.o(.text)
    OS_RdyListRemove                         0x08006ae3   Thumb Code    86  os_core.o(.text)
    OS_TaskBlock                             0x08006b39   Thumb Code    56  os_core.o(.text)
    OS_Pend                                  0x08006b71   Thumb Code    98  os_core.o(.text)
    OS_PendListRemove1                       0x08006bd3   Thumb Code   134  os_core.o(.text)
    OS_PendListRemove                        0x08006c59   Thumb Code    48  os_core.o(.text)
    OS_PendAbort1                            0x08006c89   Thumb Code    36  os_core.o(.text)
    OS_RdyListInsertHead                     0x08006cad   Thumb Code    58  os_core.o(.text)
    OS_RdyListInsertTail                     0x08006ce7   Thumb Code    56  os_core.o(.text)
    OS_RdyListInsert                         0x08006d1f   Thumb Code    40  os_core.o(.text)
    OS_TaskRdy                               0x08006d47   Thumb Code    28  os_core.o(.text)
    OS_PendAbort                             0x08006d63   Thumb Code   166  os_core.o(.text)
    OS_PendDbgNameRemove                     0x08006e09   Thumb Code    34  os_core.o(.text)
    OS_PendListChangePrio                    0x08006e2b   Thumb Code    70  os_core.o(.text)
    OS_PendListInit                          0x08006e71   Thumb Code    10  os_core.o(.text)
    OS_PendListInsertHead                    0x08006e7b   Thumb Code    32  os_core.o(.text)
    OS_PendObjDel1                           0x08006e9b   Thumb Code    36  os_core.o(.text)
    OS_PendObjDel                            0x08006ebf   Thumb Code   162  os_core.o(.text)
    OS_Post1                                 0x08006f61   Thumb Code    42  os_core.o(.text)
    OS_Post                                  0x08006f8b   Thumb Code   192  os_core.o(.text)
    OS_Sched0                                0x0800704b   Thumb Code   102  os_core.o(.text)
    OS_SchedRoundRobin                       0x080070b1   Thumb Code   190  os_core.o(.text)
    OS_Dbg_Init                              0x08007181   Thumb Code   146  os_dbg.o(.text)
    OS_FlagDbgListAdd                        0x08007331   Thumb Code    38  os_flag.o(.text)
    OSFlagCreate                             0x08007357   Thumb Code   172  os_flag.o(.text)
    OS_FlagClr                               0x08007403   Thumb Code    28  os_flag.o(.text)
    OS_FlagDbgListRemove                     0x0800741f   Thumb Code    44  os_flag.o(.text)
    OSFlagDel                                0x0800744b   Thumb Code   594  os_flag.o(.text)
    OS_FlagBlock                             0x0800769d   Thumb Code    58  os_flag.o(.text)
    OSFlagPend                               0x080076d7   Thumb Code  1488  os_flag.o(.text)
    OSFlagPendAbort                          0x08007ca7   Thumb Code   292  os_flag.o(.text)
    OSFlagPendGetFlagsRdy                    0x08007dcb   Thumb Code    68  os_flag.o(.text)
    OS_FlagTaskRdy                           0x08007e0f   Thumb Code    86  os_flag.o(.text)
    OS_FlagPost                              0x08007e65   Thumb Code   570  os_flag.o(.text)
    OSFlagPost                               0x0800809f   Thumb Code   146  os_flag.o(.text)
    OS_FlagInit                              0x08008131   Thumb Code    14  os_flag.o(.text)
    OS_IntQPost                              0x08008159   Thumb Code   216  os_int.o(.text)
    OS_IntQRePost                            0x08008231   Thumb Code   360  os_int.o(.text)
    OS_IntQTask                              0x08008399   Thumb Code   162  os_int.o(.text)
    OS_IntQTaskInit                          0x0800843b   Thumb Code   208  os_int.o(.text)
    OS_MemDbgListAdd                         0x0800859d   Thumb Code    34  os_mem.o(.text)
    OSMemCreate                              0x080085bf   Thumb Code   288  os_mem.o(.text)
    OSMemGet                                 0x080086df   Thumb Code   100  os_mem.o(.text)
    OSMemPut                                 0x08008743   Thumb Code   112  os_mem.o(.text)
    OS_MemInit                               0x080087b3   Thumb Code    14  os_mem.o(.text)
    OS_MsgPoolCreate                         0x080087d5   Thumb Code    54  os_msg.o(.text)
    OS_MsgPoolInit                           0x0800880b   Thumb Code    70  os_msg.o(.text)
    OS_MsgQFreeAll                           0x08008851   Thumb Code    62  os_msg.o(.text)
    OS_MsgQInit                              0x0800888f   Thumb Code    14  os_msg.o(.text)
    OS_MsgQGet                               0x0800889d   Thumb Code    98  os_msg.o(.text)
    OS_MsgQPut                               0x080088ff   Thumb Code   246  os_msg.o(.text)
    OS_MutexDbgListAdd                       0x08008a01   Thumb Code    38  os_mutex.o(.text)
    OSMutexCreate                            0x08008a27   Thumb Code   178  os_mutex.o(.text)
    OS_MutexClr                              0x08008ad9   Thumb Code    38  os_mutex.o(.text)
    OS_MutexDbgListRemove                    0x08008aff   Thumb Code    44  os_mutex.o(.text)
    OSMutexDel                               0x08008b2b   Thumb Code   842  os_mutex.o(.text)
    OSMutexPend                              0x08008e75   Thumb Code   706  os_mutex.o(.text)
    OSMutexPendAbort                         0x08009137   Thumb Code   314  os_mutex.o(.text)
    OSMutexPost                              0x08009271   Thumb Code   564  os_mutex.o(.text)
    OS_MutexInit                             0x080094a5   Thumb Code    14  os_mutex.o(.text)
    OS_PrioInit                              0x080094d5   Thumb Code    20  os_prio.o(.text)
    OS_PrioGetHighest                        0x080094e9   Thumb Code    36  os_prio.o(.text)
    OS_PrioInsert                            0x0800950d   Thumb Code    32  os_prio.o(.text)
    OS_PrioRemove                            0x0800952d   Thumb Code    32  os_prio.o(.text)
    OS_QDbgListAdd                           0x08009551   Thumb Code    38  os_q.o(.text)
    OSQCreate                                0x08009577   Thumb Code   186  os_q.o(.text)
    OS_QClr                                  0x08009631   Thumb Code    40  os_q.o(.text)
    OS_QDbgListRemove                        0x08009659   Thumb Code    44  os_q.o(.text)
    OSQDel                                   0x08009685   Thumb Code   362  os_q.o(.text)
    OSQFlush                                 0x080097ef   Thumb Code   210  os_q.o(.text)
    OSQPend                                  0x080098c1   Thumb Code   538  os_q.o(.text)
    OSQPendAbort                             0x08009adb   Thumb Code   292  os_q.o(.text)
    OS_QPost                                 0x08009bff   Thumb Code   324  os_q.o(.text)
    OSQPost                                  0x08009d43   Thumb Code   198  os_q.o(.text)
    OS_QInit                                 0x08009e09   Thumb Code    14  os_q.o(.text)
    OS_SemDbgListAdd                         0x08009e29   Thumb Code    38  os_sem.o(.text)
    OSSemCreate                              0x08009e4f   Thumb Code   172  os_sem.o(.text)
    OS_SemClr                                0x08009efb   Thumb Code    28  os_sem.o(.text)
    OS_SemDbgListRemove                      0x08009f17   Thumb Code    44  os_sem.o(.text)
    OSSemDel                                 0x08009f43   Thumb Code   362  os_sem.o(.text)
    OSSemPend                                0x0800a0ad   Thumb Code   504  os_sem.o(.text)
    OSSemPendAbort                           0x0800a2a5   Thumb Code   292  os_sem.o(.text)
    OS_SemPost                               0x0800a3c9   Thumb Code   350  os_sem.o(.text)
    OSSemPost                                0x0800a527   Thumb Code   144  os_sem.o(.text)
    OSSemSet                                 0x0800a5b7   Thumb Code   138  os_sem.o(.text)
    OS_SemInit                               0x0800a641   Thumb Code    14  os_sem.o(.text)
    OSStatReset                              0x0800a659   Thumb Code   270  os_stat.o(.text)
    OSStatTaskCPUUsageInit                   0x0800a767   Thumb Code   212  os_stat.o(.text)
    OS_StatTask                              0x0800a83b   Thumb Code   888  os_stat.o(.text)
    OS_StatTaskInit                          0x0800abb3   Thumb Code   138  os_stat.o(.text)
    OSTaskChangePrio                         0x0800ac91   Thumb Code   416  os_task.o(.text)
    OS_TaskDbgListAdd                        0x0800ae31   Thumb Code    42  os_task.o(.text)
    OS_TaskInitTCB                           0x0800ae5b   Thumb Code   186  os_task.o(.text)
    OSTaskCreate                             0x0800af15   Thumb Code   616  os_task.o(.text)
    OS_TaskDbgListRemove                     0x0800b17d   Thumb Code    64  os_task.o(.text)
    OSTaskDel                                0x0800b1bd   Thumb Code   424  os_task.o(.text)
    OSTaskQFlush                             0x0800b365   Thumb Code   214  os_task.o(.text)
    OSTaskQPend                              0x0800b43b   Thumb Code   554  os_task.o(.text)
    OSTaskQPendAbort                         0x0800b665   Thumb Code   242  os_task.o(.text)
    OS_TaskQPost                             0x0800b757   Thumb Code   526  os_task.o(.text)
    OSTaskQPost                              0x0800b965   Thumb Code   114  os_task.o(.text)
    OSTaskRegGet                             0x0800b9d7   Thumb Code    78  os_task.o(.text)
    OSTaskRegGetID                           0x0800ba25   Thumb Code    84  os_task.o(.text)
    OSTaskRegSet                             0x0800ba79   Thumb Code    78  os_task.o(.text)
    OS_TaskResume                            0x0800bac7   Thumb Code   314  os_task.o(.text)
    OSTaskResume                             0x0800bc01   Thumb Code   112  os_task.o(.text)
    OSTaskSemPend                            0x0800bc71   Thumb Code   550  os_task.o(.text)
    OSTaskSemPendAbort                       0x0800be97   Thumb Code   270  os_task.o(.text)
    OS_TaskSemPost                           0x0800bfa5   Thumb Code  1224  os_task.o(.text)
    OSTaskSemPost                            0x0800c46d   Thumb Code    98  os_task.o(.text)
    OSTaskSemSet                             0x0800c4cf   Thumb Code    80  os_task.o(.text)
    OSTaskStkChk                             0x0800c51f   Thumb Code   224  os_task.o(.text)
    OS_TaskSuspend                           0x0800c5ff   Thumb Code   328  os_task.o(.text)
    OSTaskSuspend                            0x0800c747   Thumb Code    78  os_task.o(.text)
    OSTaskTimeQuantaSet                      0x0800c795   Thumb Code    96  os_task.o(.text)
    OS_TaskInit                              0x0800c7f5   Thumb Code    18  os_task.o(.text)
    OS_TaskReturn                            0x0800c807   Thumb Code    20  os_task.o(.text)
    OS_TickListRemove                        0x0800c845   Thumb Code    56  os_tick.o(.text)
    OS_TickListUpdate                        0x0800c87d   Thumb Code   480  os_tick.o(.text)
    OS_TickTask                              0x0800ca5d   Thumb Code    38  os_tick.o(.text)
    OS_TickListInit                          0x0800ca83   Thumb Code    32  os_tick.o(.text)
    OS_TickTaskInit                          0x0800caa3   Thumb Code   130  os_tick.o(.text)
    OS_TickListInsert                        0x0800cb25   Thumb Code   502  os_tick.o(.text)
    OS_TickListResetPeak                     0x0800cd1b   Thumb Code    28  os_tick.o(.text)
    OSTimeDly                                0x0800cd41   Thumb Code   266  os_time.o(.text)
    OSTimeDlyHMSM                            0x0800ce4b   Thumb Code   480  os_time.o(.text)
    OSTimeDlyResume                          0x0800d02b   Thumb Code   466  os_time.o(.text)
    OSTimeGet                                0x0800d1fd   Thumb Code    46  os_time.o(.text)
    OSTimeSet                                0x0800d22b   Thumb Code    46  os_time.o(.text)
    OSTimeTick                               0x0800d259   Thumb Code    54  os_time.o(.text)
    OS_TmrDbgListAdd                         0x0800d2a5   Thumb Code    34  os_tmr.o(.text)
    OSTmrCreate                              0x0800d2c7   Thumb Code   248  os_tmr.o(.text)
    OS_TmrClr                                0x0800d3bf   Thumb Code    36  os_tmr.o(.text)
    OS_TmrUnlink                             0x0800d3e3   Thumb Code    72  os_tmr.o(.text)
    OS_TmrDbgListRemove                      0x0800d42b   Thumb Code    44  os_tmr.o(.text)
    OSTmrDel                                 0x0800d457   Thumb Code   176  os_tmr.o(.text)
    OSTmrRemainGet                           0x0800d507   Thumb Code   184  os_tmr.o(.text)
    OS_TmrLink                               0x0800d5bf   Thumb Code   196  os_tmr.o(.text)
    OSTmrStart                               0x0800d683   Thumb Code   210  os_tmr.o(.text)
    OSTmrStateGet                            0x0800d755   Thumb Code   134  os_tmr.o(.text)
    OSTmrStop                                0x0800d7db   Thumb Code   232  os_tmr.o(.text)
    OS_TmrTask                               0x0800d8c3   Thumb Code   176  os_tmr.o(.text)
    OS_TmrInit                               0x0800d973   Thumb Code   208  os_tmr.o(.text)
    OS_TmrResetPeak                          0x0800da43   Thumb Code    28  os_tmr.o(.text)
    OSIdleTaskHook                           0x0800dabd   Thumb Code    16  os_cpu_c.o(.text)
    OSInitHook                               0x0800dacd   Thumb Code    42  os_cpu_c.o(.text)
    OSStatTaskHook                           0x0800daf7   Thumb Code    16  os_cpu_c.o(.text)
    OSTaskCreateHook                         0x0800db07   Thumb Code    20  os_cpu_c.o(.text)
    OSTaskDelHook                            0x0800db1b   Thumb Code    20  os_cpu_c.o(.text)
    OSTaskReturnHook                         0x0800db2f   Thumb Code    20  os_cpu_c.o(.text)
    OSTaskStkInit                            0x0800db43   Thumb Code   188  os_cpu_c.o(.text)
    OSTaskSwHook                             0x0800dbff   Thumb Code   120  os_cpu_c.o(.text)
    OSTimeTickHook                           0x0800dc77   Thumb Code    16  os_cpu_c.o(.text)
    OS_CPU_SysTickHandler                    0x0800dc87   Thumb Code    52  os_cpu_c.o(.text)
    OS_CPU_SysTickInit                       0x0800dcbb   Thumb Code    44  os_cpu_c.o(.text)
    delay_osschedlock                        0x0800dd29   Thumb Code    10  delay.o(.text)
    delay_osschedunlock                      0x0800dd33   Thumb Code    10  delay.o(.text)
    delay_ostimedly                          0x0800dd3d   Thumb Code    16  delay.o(.text)
    SysTick_Handler                          0x0800dd4d   Thumb Code    24  delay.o(.text)
    delay_init                               0x0800dd65   Thumb Code    92  delay.o(.text)
    delay_us                                 0x0800ddc1   Thumb Code    86  delay.o(.text)
    delay_ms                                 0x0800de17   Thumb Code    66  delay.o(.text)
    __aeabi_uldivmod                         0x0800de75   Thumb Code     0  lludivv7m.o(.text)
    _ll_udiv                                 0x0800de75   Thumb Code   238  lludivv7m.o(.text)
    __aeabi_memcpy                           0x0800df63   Thumb Code     0  rt_memcpy_v6.o(.text)
    __rt_memcpy                              0x0800df63   Thumb Code   138  rt_memcpy_v6.o(.text)
    _memcpy_lastbytes                        0x0800dfc9   Thumb Code     0  rt_memcpy_v6.o(.text)
    __aeabi_memcpy4                          0x0800dfed   Thumb Code     0  rt_memcpy_w.o(.text)
    __aeabi_memcpy8                          0x0800dfed   Thumb Code     0  rt_memcpy_w.o(.text)
    __rt_memcpy_w                            0x0800dfed   Thumb Code   100  rt_memcpy_w.o(.text)
    _memcpy_lastbytes_aligned                0x0800e035   Thumb Code     0  rt_memcpy_w.o(.text)
    __use_two_region_memory                  0x0800e051   Thumb Code     2  heapauxi.o(.text)
    __rt_heap_escrow$2region                 0x0800e053   Thumb Code     2  heapauxi.o(.text)
    __rt_heap_expand$2region                 0x0800e055   Thumb Code     2  heapauxi.o(.text)
    __user_setup_stackheap                   0x0800e057   Thumb Code    74  sys_stackheap_outer.o(.text)
    exit                                     0x0800e0a1   Thumb Code    12  exit.o(.text)
    __user_libspace                          0x0800e0ad   Thumb Code     8  libspace.o(.text)
    __user_perproc_libspace                  0x0800e0ad   Thumb Code     0  libspace.o(.text)
    __user_perthread_libspace                0x0800e0ad   Thumb Code     0  libspace.o(.text)
    _sys_exit                                0x0800e0b5   Thumb Code     8  sys_exit.o(.text)
    __I$use$semihosting                      0x0800e0c1   Thumb Code     0  use_no_semi.o(.text)
    __use_no_semihosting_swi                 0x0800e0c1   Thumb Code     2  use_no_semi.o(.text)
    __semihosting_library_function           0x0800e0c3   Thumb Code     0  indicate_semi.o(.text)
    OSStartHighRdy                           0x0800e0c5   Thumb Code     0  os_cpu_a.o(CODE)
    PendSV_Handler                           0x0800e0fb   Thumb Code     0  os_cpu_a.o(CODE)
    ceil                                     0x0800e15d   Thumb Code   204  ceil.o(i.ceil)
    floorf                                   0x0800e239   Thumb Code   112  floorf.o(i.floorf)
    __aeabi_d2f                              0x0800e2b5   Thumb Code     0  d2f.o(x$fpl$d2f)
    _d2f                                     0x0800e2b5   Thumb Code    98  d2f.o(x$fpl$d2f)
    __aeabi_dadd                             0x0800e319   Thumb Code     0  daddsub_clz.o(x$fpl$dadd)
    _dadd                                    0x0800e319   Thumb Code   332  daddsub_clz.o(x$fpl$dadd)
    __fpl_dcmp_Inf                           0x0800e469   Thumb Code    24  dcmpi.o(x$fpl$dcmpinf)
    __aeabi_d2uiz                            0x0800e481   Thumb Code     0  dfixu.o(x$fpl$dfixu)
    _dfixu                                   0x0800e481   Thumb Code    90  dfixu.o(x$fpl$dfixu)
    __aeabi_cdcmple                          0x0800e4dd   Thumb Code     0  dleqf.o(x$fpl$dleqf)
    _dcmple                                  0x0800e4dd   Thumb Code   120  dleqf.o(x$fpl$dleqf)
    __fpl_dcmple_InfNaN                      0x0800e53f   Thumb Code     0  dleqf.o(x$fpl$dleqf)
    __aeabi_dmul                             0x0800e555   Thumb Code     0  dmul.o(x$fpl$dmul)
    _dmul                                    0x0800e555   Thumb Code   332  dmul.o(x$fpl$dmul)
    __fpl_dnaninf                            0x0800e6a9   Thumb Code   156  dnaninf.o(x$fpl$dnaninf)
    __fpl_dretinf                            0x0800e745   Thumb Code    12  dretinf.o(x$fpl$dretinf)
    __aeabi_cdrcmple                         0x0800e751   Thumb Code     0  drleqf.o(x$fpl$drleqf)
    _drcmple                                 0x0800e751   Thumb Code   108  drleqf.o(x$fpl$drleqf)
    __aeabi_drsub                            0x0800e7bd   Thumb Code     0  daddsub_clz.o(x$fpl$drsb)
    _drsb                                    0x0800e7bd   Thumb Code    22  daddsub_clz.o(x$fpl$drsb)
    __aeabi_dsub                             0x0800e7d5   Thumb Code     0  daddsub_clz.o(x$fpl$dsub)
    _dsub                                    0x0800e7d5   Thumb Code   464  daddsub_clz.o(x$fpl$dsub)
    __aeabi_f2d                              0x0800e9a9   Thumb Code     0  f2d.o(x$fpl$f2d)
    _f2d                                     0x0800e9a9   Thumb Code    86  f2d.o(x$fpl$f2d)
    __aeabi_fadd                             0x0800ea01   Thumb Code     0  faddsub_clz.o(x$fpl$fadd)
    _fadd                                    0x0800ea01   Thumb Code   196  faddsub_clz.o(x$fpl$fadd)
    __fpl_fcmp_Inf                           0x0800eac5   Thumb Code    24  fcmpi.o(x$fpl$fcmpinf)
    __aeabi_fdiv                             0x0800eadd   Thumb Code     0  fdiv.o(x$fpl$fdiv)
    _fdiv                                    0x0800eadd   Thumb Code   384  fdiv.o(x$fpl$fdiv)
    __aeabi_f2uiz                            0x0800ec61   Thumb Code     0  ffixu.o(x$fpl$ffixu)
    _ffixu                                   0x0800ec61   Thumb Code    62  ffixu.o(x$fpl$ffixu)
    __aeabi_i2f                              0x0800eca1   Thumb Code     0  fflt_clz.o(x$fpl$fflt)
    _fflt                                    0x0800eca1   Thumb Code    48  fflt_clz.o(x$fpl$fflt)
    __aeabi_ui2f                             0x0800ecd1   Thumb Code     0  fflt_clz.o(x$fpl$ffltu)
    _ffltu                                   0x0800ecd1   Thumb Code    38  fflt_clz.o(x$fpl$ffltu)
    __aeabi_cfcmple                          0x0800ecf9   Thumb Code     0  fleqf.o(x$fpl$fleqf)
    _fcmple                                  0x0800ecf9   Thumb Code   104  fleqf.o(x$fpl$fleqf)
    __fpl_fcmple_InfNaN                      0x0800ed4b   Thumb Code     0  fleqf.o(x$fpl$fleqf)
    __aeabi_fmul                             0x0800ed61   Thumb Code     0  fmul.o(x$fpl$fmul)
    _fmul                                    0x0800ed61   Thumb Code   258  fmul.o(x$fpl$fmul)
    __fpl_fnaninf                            0x0800ee63   Thumb Code   140  fnaninf.o(x$fpl$fnaninf)
    __fpl_fretinf                            0x0800eeef   Thumb Code    10  fretinf.o(x$fpl$fretinf)
    __aeabi_cfrcmple                         0x0800eef9   Thumb Code     0  frleqf.o(x$fpl$frleqf)
    _frcmple                                 0x0800eef9   Thumb Code    98  frleqf.o(x$fpl$frleqf)
    __aeabi_fsub                             0x0800ef5d   Thumb Code     0  faddsub_clz.o(x$fpl$fsub)
    _fsub                                    0x0800ef5d   Thumb Code   234  faddsub_clz.o(x$fpl$fsub)
    __I$use$fp                               0x0800f046   Number         0  usenofp.o(x$fpl$usenofp)
    CPU_EndiannessTest                       0x0800f148   Data           4  cpu_core.o(.constdata)
    OSCfg_IdleTaskStkBasePtr                 0x0800f1e0   Data           4  os_cfg_app.o(.constdata)
    OSCfg_IdleTaskStkLimit                   0x0800f1e4   Data           4  os_cfg_app.o(.constdata)
    OSCfg_IdleTaskStkSize                    0x0800f1e8   Data           4  os_cfg_app.o(.constdata)
    OSCfg_IdleTaskStkSizeRAM                 0x0800f1ec   Data           4  os_cfg_app.o(.constdata)
    OSCfg_IntQBasePtr                        0x0800f1f0   Data           4  os_cfg_app.o(.constdata)
    OSCfg_IntQSize                           0x0800f1f4   Data           2  os_cfg_app.o(.constdata)
    OSCfg_IntQSizeRAM                        0x0800f1f8   Data           4  os_cfg_app.o(.constdata)
    OSCfg_IntQTaskStkBasePtr                 0x0800f1fc   Data           4  os_cfg_app.o(.constdata)
    OSCfg_IntQTaskStkLimit                   0x0800f200   Data           4  os_cfg_app.o(.constdata)
    OSCfg_IntQTaskStkSize                    0x0800f204   Data           4  os_cfg_app.o(.constdata)
    OSCfg_IntQTaskStkSizeRAM                 0x0800f208   Data           4  os_cfg_app.o(.constdata)
    OSCfg_ISRStkBasePtr                      0x0800f20c   Data           4  os_cfg_app.o(.constdata)
    OSCfg_ISRStkSize                         0x0800f210   Data           4  os_cfg_app.o(.constdata)
    OSCfg_ISRStkSizeRAM                      0x0800f214   Data           4  os_cfg_app.o(.constdata)
    OSCfg_MsgPoolSize                        0x0800f218   Data           2  os_cfg_app.o(.constdata)
    OSCfg_MsgPoolSizeRAM                     0x0800f21c   Data           4  os_cfg_app.o(.constdata)
    OSCfg_MsgPoolBasePtr                     0x0800f220   Data           4  os_cfg_app.o(.constdata)
    OSCfg_StatTaskPrio                       0x0800f224   Data           1  os_cfg_app.o(.constdata)
    OSCfg_StatTaskRate_Hz                    0x0800f228   Data           4  os_cfg_app.o(.constdata)
    OSCfg_StatTaskStkBasePtr                 0x0800f22c   Data           4  os_cfg_app.o(.constdata)
    OSCfg_StatTaskStkLimit                   0x0800f230   Data           4  os_cfg_app.o(.constdata)
    OSCfg_StatTaskStkSize                    0x0800f234   Data           4  os_cfg_app.o(.constdata)
    OSCfg_StatTaskStkSizeRAM                 0x0800f238   Data           4  os_cfg_app.o(.constdata)
    OSCfg_StkSizeMin                         0x0800f23c   Data           4  os_cfg_app.o(.constdata)
    OSCfg_TickRate_Hz                        0x0800f240   Data           4  os_cfg_app.o(.constdata)
    OSCfg_TickTaskPrio                       0x0800f244   Data           1  os_cfg_app.o(.constdata)
    OSCfg_TickTaskStkBasePtr                 0x0800f248   Data           4  os_cfg_app.o(.constdata)
    OSCfg_TickTaskStkLimit                   0x0800f24c   Data           4  os_cfg_app.o(.constdata)
    OSCfg_TickTaskStkSize                    0x0800f250   Data           4  os_cfg_app.o(.constdata)
    OSCfg_TickTaskStkSizeRAM                 0x0800f254   Data           4  os_cfg_app.o(.constdata)
    OSCfg_TickWheelSize                      0x0800f258   Data           2  os_cfg_app.o(.constdata)
    OSCfg_TickWheelSizeRAM                   0x0800f25c   Data           4  os_cfg_app.o(.constdata)
    OSCfg_TmrTaskPrio                        0x0800f260   Data           1  os_cfg_app.o(.constdata)
    OSCfg_TmrTaskRate_Hz                     0x0800f264   Data           4  os_cfg_app.o(.constdata)
    OSCfg_TmrTaskStkBasePtr                  0x0800f268   Data           4  os_cfg_app.o(.constdata)
    OSCfg_TmrTaskStkLimit                    0x0800f26c   Data           4  os_cfg_app.o(.constdata)
    OSCfg_TmrTaskStkSize                     0x0800f270   Data           4  os_cfg_app.o(.constdata)
    OSCfg_TmrTaskStkSizeRAM                  0x0800f274   Data           4  os_cfg_app.o(.constdata)
    OSCfg_TmrWheelSize                       0x0800f278   Data           2  os_cfg_app.o(.constdata)
    OSCfg_TmrWheelSizeRAM                    0x0800f27c   Data           4  os_cfg_app.o(.constdata)
    OSCfg_DataSizeRAM                        0x0800f280   Data           4  os_cfg_app.o(.constdata)
    OSDbg_DbgEn                              0x0800f284   Data           2  os_dbg.o(.constdata)
    OSDbg_ArgChkEn                           0x0800f286   Data           1  os_dbg.o(.constdata)
    OSDbg_AppHooksEn                         0x0800f287   Data           1  os_dbg.o(.constdata)
    OSDbg_EndiannessTest                     0x0800f288   Data           4  os_dbg.o(.constdata)
    OSDbg_CalledFromISRChkEn                 0x0800f28c   Data           1  os_dbg.o(.constdata)
    OSDbg_FlagEn                             0x0800f28d   Data           1  os_dbg.o(.constdata)
    OSDbg_FlagGrp                            0x0800f290   Data          40  os_dbg.o(.constdata)
    OSDbg_FlagDelEn                          0x0800f2b8   Data           1  os_dbg.o(.constdata)
    OSDbg_FlagModeClrEn                      0x0800f2b9   Data           1  os_dbg.o(.constdata)
    OSDbg_FlagPendAbortEn                    0x0800f2ba   Data           1  os_dbg.o(.constdata)
    OSDbg_FlagGrpSize                        0x0800f2bc   Data           2  os_dbg.o(.constdata)
    OSDbg_FlagWidth                          0x0800f2be   Data           2  os_dbg.o(.constdata)
    OSDbg_IntQ                               0x0800f2c0   Data           2  os_dbg.o(.constdata)
    OSDbg_ISRPostDeferredEn                  0x0800f2c2   Data           1  os_dbg.o(.constdata)
    OSDbg_Mem                                0x0800f2c4   Data          32  os_dbg.o(.constdata)
    OSDbg_MemEn                              0x0800f2e4   Data           1  os_dbg.o(.constdata)
    OSDbg_MemSize                            0x0800f2e6   Data           2  os_dbg.o(.constdata)
    OSDbg_MsgEn                              0x0800f2e8   Data           1  os_dbg.o(.constdata)
    OSDbg_MsgSize                            0x0800f2ea   Data           2  os_dbg.o(.constdata)
    OSDbg_MsgPoolSize                        0x0800f2ec   Data           2  os_dbg.o(.constdata)
    OSDbg_MsgQSize                           0x0800f2ee   Data           2  os_dbg.o(.constdata)
    OSDbg_Mutex                              0x0800f2f0   Data          44  os_dbg.o(.constdata)
    OSDbg_MutexEn                            0x0800f31c   Data           1  os_dbg.o(.constdata)
    OSDbg_MutexDelEn                         0x0800f31d   Data           1  os_dbg.o(.constdata)
    OSDbg_MutexPendAbortEn                   0x0800f31e   Data           1  os_dbg.o(.constdata)
    OSDbg_MutexSize                          0x0800f320   Data           2  os_dbg.o(.constdata)
    OSDbg_ObjTypeChkEn                       0x0800f322   Data           1  os_dbg.o(.constdata)
    OSDbg_PendMultiEn                        0x0800f323   Data           1  os_dbg.o(.constdata)
    OSDbg_PendDataSize                       0x0800f324   Data           2  os_dbg.o(.constdata)
    OSDbg_PendListSize                       0x0800f326   Data           2  os_dbg.o(.constdata)
    OSDbg_PendObjSize                        0x0800f328   Data           2  os_dbg.o(.constdata)
    OSDbg_PrioMax                            0x0800f32a   Data           2  os_dbg.o(.constdata)
    OSDbg_PrioTblSize                        0x0800f32c   Data           2  os_dbg.o(.constdata)
    OSDbg_PtrSize                            0x0800f32e   Data           2  os_dbg.o(.constdata)
    OSDbg_Q                                  0x0800f330   Data          48  os_dbg.o(.constdata)
    OSDbg_QEn                                0x0800f360   Data           1  os_dbg.o(.constdata)
    OSDbg_QDelEn                             0x0800f361   Data           1  os_dbg.o(.constdata)
    OSDbg_QFlushEn                           0x0800f362   Data           1  os_dbg.o(.constdata)
    OSDbg_QPendAbortEn                       0x0800f363   Data           1  os_dbg.o(.constdata)
    OSDbg_QSize                              0x0800f364   Data           2  os_dbg.o(.constdata)
    OSDbg_SchedRoundRobinEn                  0x0800f366   Data           1  os_dbg.o(.constdata)
    OSDbg_Sem                                0x0800f368   Data          40  os_dbg.o(.constdata)
    OSDbg_SemEn                              0x0800f390   Data           1  os_dbg.o(.constdata)
    OSDbg_SemDelEn                           0x0800f391   Data           1  os_dbg.o(.constdata)
    OSDbg_SemPendAbortEn                     0x0800f392   Data           1  os_dbg.o(.constdata)
    OSDbg_SemSetEn                           0x0800f393   Data           1  os_dbg.o(.constdata)
    OSDbg_SemSize                            0x0800f394   Data           2  os_dbg.o(.constdata)
    OSDbg_RdyList                            0x0800f396   Data           2  os_dbg.o(.constdata)
    OSDbg_RdyListSize                        0x0800f398   Data           4  os_dbg.o(.constdata)
    OSDbg_StkWidth                           0x0800f39c   Data           1  os_dbg.o(.constdata)
    OSDbg_StatTaskEn                         0x0800f39d   Data           1  os_dbg.o(.constdata)
    OSDbg_StatTaskStkChkEn                   0x0800f39e   Data           1  os_dbg.o(.constdata)
    OSDbg_TaskChangePrioEn                   0x0800f39f   Data           1  os_dbg.o(.constdata)
    OSDbg_TaskDelEn                          0x0800f3a0   Data           1  os_dbg.o(.constdata)
    OSDbg_TaskQEn                            0x0800f3a1   Data           1  os_dbg.o(.constdata)
    OSDbg_TaskQPendAbortEn                   0x0800f3a2   Data           1  os_dbg.o(.constdata)
    OSDbg_TaskProfileEn                      0x0800f3a3   Data           1  os_dbg.o(.constdata)
    OSDbg_TaskRegTblSize                     0x0800f3a4   Data           2  os_dbg.o(.constdata)
    OSDbg_TaskSemPendAbortEn                 0x0800f3a6   Data           1  os_dbg.o(.constdata)
    OSDbg_TaskSuspendEn                      0x0800f3a7   Data           1  os_dbg.o(.constdata)
    OSDbg_TCBSize                            0x0800f3a8   Data           2  os_dbg.o(.constdata)
    OSDbg_TickSpokeSize                      0x0800f3aa   Data           2  os_dbg.o(.constdata)
    OSDbg_TimeDlyHMSMEn                      0x0800f3ac   Data           1  os_dbg.o(.constdata)
    OSDbg_TimeDlyResumeEn                    0x0800f3ad   Data           1  os_dbg.o(.constdata)
    OSDbg_TLS_TblSize                        0x0800f3ae   Data           2  os_dbg.o(.constdata)
    OSDbg_Tmr                                0x0800f3b0   Data          52  os_dbg.o(.constdata)
    OSDbg_TmrEn                              0x0800f3e4   Data           1  os_dbg.o(.constdata)
    OSDbg_TmrDelEn                           0x0800f3e5   Data           1  os_dbg.o(.constdata)
    OSDbg_TmrSize                            0x0800f3e6   Data           2  os_dbg.o(.constdata)
    OSDbg_TmrSpokeSize                       0x0800f3e8   Data           2  os_dbg.o(.constdata)
    OSDbg_VersionNbr                         0x0800f3ea   Data           2  os_dbg.o(.constdata)
    OSDbg_DataSize                           0x0800f3ec   Data           4  os_dbg.o(.constdata)
    Region$$Table$$Base                      0x0800f3f0   Number         0  anon$$obj.o(Region$$Table)
    Region$$Table$$Limit                     0x0800f410   Number         0  anon$$obj.o(Region$$Table)
    straightSpeed                            0x20000010   Data           4  task_data_remap.o(.data)
    turnSpeed                                0x20000014   Data           4  task_data_remap.o(.data)
    SystemCoreClock                          0x20000020   Data           4  system_stm32f10x.o(.data)
    AHBPrescTable                            0x20000024   Data          16  system_stm32f10x.o(.data)
    CPU_TS_TmrFreq_Hz                        0x20000048   Data           4  cpu_core.o(.data)
    Mem_PoolTbl                              0x2000004c   Data           4  lib_mem.o(.data)
    OSPrioTbl                                0x20000050   Data           8  os_prio.o(.data)
    OS_AppTaskCreateHookPtr                  0x20000058   Data           4  os_var.o(.data)
    OS_AppTaskDelHookPtr                     0x2000005c   Data           4  os_var.o(.data)
    OS_AppTaskReturnHookPtr                  0x20000060   Data           4  os_var.o(.data)
    OS_AppIdleTaskHookPtr                    0x20000064   Data           4  os_var.o(.data)
    OS_AppStatTaskHookPtr                    0x20000068   Data           4  os_var.o(.data)
    OS_AppTaskSwHookPtr                      0x2000006c   Data           4  os_var.o(.data)
    OS_AppTimeTickHookPtr                    0x20000070   Data           4  os_var.o(.data)
    OSIdleTaskCtr                            0x20000074   Data           4  os_var.o(.data)
    OSIntNestingCtr                          0x20000078   Data           1  os_var.o(.data)
    OSRunning                                0x20000079   Data           1  os_var.o(.data)
    OSIntQInPtr                              0x2000007c   Data           4  os_var.o(.data)
    OSIntQOutPtr                             0x20000080   Data           4  os_var.o(.data)
    OSIntQNbrEntries                         0x20000084   Data           2  os_var.o(.data)
    OSIntQNbrEntriesMax                      0x20000086   Data           2  os_var.o(.data)
    OSIntQOvfCtr                             0x20000088   Data           2  os_var.o(.data)
    OSIntQTaskTimeMax                        0x2000008c   Data           4  os_var.o(.data)
    OSFlagDbgListPtr                         0x20000090   Data           4  os_var.o(.data)
    OSFlagQty                                0x20000094   Data           2  os_var.o(.data)
    OSMemDbgListPtr                          0x20000098   Data           4  os_var.o(.data)
    OSMemQty                                 0x2000009c   Data           2  os_var.o(.data)
    OSMutexDbgListPtr                        0x200000a0   Data           4  os_var.o(.data)
    OSMutexQty                               0x200000a4   Data           2  os_var.o(.data)
    OSPrioCur                                0x200000a6   Data           1  os_var.o(.data)
    OSPrioHighRdy                            0x200000a7   Data           1  os_var.o(.data)
    OSPrioSaved                              0x200000a8   Data           1  os_var.o(.data)
    OSQDbgListPtr                            0x200000ac   Data           4  os_var.o(.data)
    OSQQty                                   0x200000b0   Data           2  os_var.o(.data)
    OSSchedLockTimeBegin                     0x200000b4   Data           4  os_var.o(.data)
    OSSchedLockTimeMax                       0x200000b8   Data           4  os_var.o(.data)
    OSSchedLockTimeMaxCur                    0x200000bc   Data           4  os_var.o(.data)
    OSSchedLockNestingCtr                    0x200000c0   Data           1  os_var.o(.data)
    OSSchedRoundRobinDfltTimeQuanta          0x200000c4   Data           4  os_var.o(.data)
    OSSchedRoundRobinEn                      0x200000c8   Data           1  os_var.o(.data)
    OSSemDbgListPtr                          0x200000cc   Data           4  os_var.o(.data)
    OSSemQty                                 0x200000d0   Data           2  os_var.o(.data)
    OSStatResetFlag                          0x200000d2   Data           1  os_var.o(.data)
    OSStatTaskCPUUsage                       0x200000d4   Data           2  os_var.o(.data)
    OSStatTaskCPUUsageMax                    0x200000d6   Data           2  os_var.o(.data)
    OSStatTaskCtr                            0x200000d8   Data           4  os_var.o(.data)
    OSStatTaskCtrMax                         0x200000dc   Data           4  os_var.o(.data)
    OSStatTaskCtrRun                         0x200000e0   Data           4  os_var.o(.data)
    OSStatTaskRdy                            0x200000e4   Data           1  os_var.o(.data)
    OSStatTaskTimeMax                        0x200000e8   Data           4  os_var.o(.data)
    OSTaskCtxSwCtr                           0x200000ec   Data           4  os_var.o(.data)
    OSTaskDbgListPtr                         0x200000f0   Data           4  os_var.o(.data)
    OSTaskQty                                0x200000f4   Data           2  os_var.o(.data)
    OSTaskRegNextAvailID                     0x200000f6   Data           1  os_var.o(.data)
    OSTickCtr                                0x200000f8   Data           4  os_var.o(.data)
    OSTickTaskTimeMax                        0x200000fc   Data           4  os_var.o(.data)
    OSTmrDbgListPtr                          0x20000100   Data           4  os_var.o(.data)
    OSTmrQty                                 0x20000104   Data           2  os_var.o(.data)
    OSTmrTaskTimeMax                         0x20000108   Data           4  os_var.o(.data)
    OSTmrTickCtr                             0x2000010c   Data           4  os_var.o(.data)
    OSTmrUpdateCnt                           0x20000110   Data           4  os_var.o(.data)
    OSTmrUpdateCtr                           0x20000114   Data           4  os_var.o(.data)
    OSTCBCurPtr                              0x20000118   Data           4  os_var.o(.data)
    OSTCBHighRdyPtr                          0x2000011c   Data           4  os_var.o(.data)
    OS_CPU_ExceptStkBase                     0x20000120   Data           4  os_cpu_c.o(.data)
    START_TaskTCB                            0x20000128   Data         196  main.o(.bss)
    START_TASK_STK                           0x200001ec   Data         512  main.o(.bss)
    Car                                      0x200003ec   Data          24  stm32f10x_cardrive.o(.bss)
    MOTOR1_BASE                              0x20000404   Data          36  stm32f10x_motor.o(.bss)
    MOTOR2_BASE                              0x20000428   Data          36  stm32f10x_motor.o(.bss)
    MOTOR3_BASE                              0x2000044c   Data          36  stm32f10x_motor.o(.bss)
    MOTOR4_BASE                              0x20000470   Data          36  stm32f10x_motor.o(.bss)
    PWMout1_BASE                             0x20000494   Data          32  stm32f10x_pwmout.o(.bss)
    PWMout2_BASE                             0x200004b4   Data          32  stm32f10x_pwmout.o(.bss)
    PWMout3_BASE                             0x200004d4   Data          32  stm32f10x_pwmout.o(.bss)
    PWMout4_BASE                             0x200004f4   Data          32  stm32f10x_pwmout.o(.bss)
    PWMout5_BASE                             0x20000514   Data          32  stm32f10x_pwmout.o(.bss)
    PWMout6_BASE                             0x20000534   Data          32  stm32f10x_pwmout.o(.bss)
    PWMout7_BASE                             0x20000554   Data          32  stm32f10x_pwmout.o(.bss)
    PWMout8_BASE                             0x20000574   Data          32  stm32f10x_pwmout.o(.bss)
    PWMout9_BASE                             0x20000594   Data          32  stm32f10x_pwmout.o(.bss)
    PWMout10_BASE                            0x200005b4   Data          32  stm32f10x_pwmout.o(.bss)
    PWMout11_BASE                            0x200005d4   Data          32  stm32f10x_pwmout.o(.bss)
    PWMout12_BASE                            0x200005f4   Data          32  stm32f10x_pwmout.o(.bss)
    Lora1_BASE                               0x20000614   Data         128  stm32f10x_lora.o(.bss)
    Lora2_BASE                               0x20000694   Data         128  stm32f10x_lora.o(.bss)
    Lora3_BASE                               0x20000714   Data         128  stm32f10x_lora.o(.bss)
    LoraSBUS1_BASE                           0x20000794   Data          40  stm32f10x_lorasbus.o(.bss)
    LoraSBUS2_BASE                           0x200007bc   Data          40  stm32f10x_lorasbus.o(.bss)
    LoraSBUS3_BASE                           0x200007e4   Data          40  stm32f10x_lorasbus.o(.bss)
    SCOM1_BASE                               0x2000080c   Data          72  stm32f10x_scom.o(.bss)
    SCOM2_BASE                               0x20000854   Data          72  stm32f10x_scom.o(.bss)
    SCOM3_BASE                               0x2000089c   Data          72  stm32f10x_scom.o(.bss)
    SCOM1_rxDataBuffer                       0x200008e4   Data          33  stm32f10x_scom.o(.bss)
    SCOM1_txDataBuffer                       0x20000905   Data          33  stm32f10x_scom.o(.bss)
    SCOM2_rxDataBuffer                       0x20000926   Data          33  stm32f10x_scom.o(.bss)
    SCOM2_txDataBuffer                       0x20000947   Data          33  stm32f10x_scom.o(.bss)
    SCOM3_rxDataBuffer                       0x20000968   Data          33  stm32f10x_scom.o(.bss)
    SCOM3_txDataBuffer                       0x20000989   Data          33  stm32f10x_scom.o(.bss)
    SCOM1_rxData                             0x200009aa   Data          34  stm32f10x_scom.o(.bss)
    SCOM2_rxData                             0x200009cc   Data          34  stm32f10x_scom.o(.bss)
    SCOM3_rxData                             0x200009ee   Data          34  stm32f10x_scom.o(.bss)
    INPUT_TaskTCB                            0x20000a10   Data         196  task_data_input.o(.bss)
    INPUT_TASK_STK                           0x20000ad4   Data        1024  task_data_input.o(.bss)
    car_input                                0x20000ed4   Data          40  task_data_input.o(.bss)
    sbus_rx                                  0x20000efc   Data          36  task_data_input.o(.bss)
    RCData_Msg                               0x20000f20   Data          48  task_data_input.o(.bss)
    RCData_Sem                               0x20000f50   Data          40  task_data_input.o(.bss)
    OUTPUT_TaskTCB                           0x20000f78   Data         196  task_data_output.o(.bss)
    OUTPUT_TASK_STK                          0x2000103c   Data        1024  task_data_output.o(.bss)
    REMAP_TaskTCB                            0x2000143c   Data         196  task_data_remap.o(.bss)
    REMAP_TASK_STK                           0x20001500   Data        1024  task_data_remap.o(.bss)
    car_remap                                0x20001900   Data          40  task_data_remap.o(.bss)
    CPU_Name                                 0x20001928   Data          16  cpu_core.o(.bss)
    Mem_PoolHeap                             0x20001938   Data          72  lib_mem.o(.bss)
    Mem_Heap                                 0x20001980   Data        1024  lib_mem.o(.bss)
    OSCfg_IdleTaskStk                        0x20001d80   Data         512  os_cfg_app.o(.bss)
    OSCfg_IntQ                               0x20001f80   Data         320  os_cfg_app.o(.bss)
    OSCfg_IntQTaskStk                        0x200020c0   Data         512  os_cfg_app.o(.bss)
    OSCfg_ISRStk                             0x200022c0   Data         512  os_cfg_app.o(.bss)
    OSCfg_MsgPool                            0x200024c0   Data        1600  os_cfg_app.o(.bss)
    OSCfg_StatTaskStk                        0x20002b00   Data         512  os_cfg_app.o(.bss)
    OSCfg_TickTaskStk                        0x20002d00   Data         512  os_cfg_app.o(.bss)
    OSCfg_TickWheel                          0x20002f00   Data         136  os_cfg_app.o(.bss)
    OSCfg_TmrTaskStk                         0x20002f88   Data         512  os_cfg_app.o(.bss)
    OSCfg_TmrWheel                           0x20003188   Data         136  os_cfg_app.o(.bss)
    OSIdleTaskTCB                            0x20003210   Data         196  os_var.o(.bss)
    OSIntQTaskTCB                            0x200032d4   Data         196  os_var.o(.bss)
    OSMsgPool                                0x20003398   Data          12  os_var.o(.bss)
    OSRdyList                                0x200033a4   Data         768  os_var.o(.bss)
    OSStatTaskTCB                            0x200036a4   Data         196  os_var.o(.bss)
    OSTickTaskTCB                            0x20003768   Data         196  os_var.o(.bss)
    OSTmrTaskTCB                             0x2000382c   Data         196  os_var.o(.bss)
    __libspace_start                         0x200038f0   Data          96  libspace.o(.bss)
    __temporary_stack_top$libspace           0x20003950   Data           0  libspace.o(.bss)



==============================================================================

Memory Map of the image

  Image Entry point : 0x08000131

  Load Region LR_IROM1 (Base: 0x08000000, Size: 0x0000f538, Max: 0x00040000, ABSOLUTE)

    Execution Region ER_IROM1 (Base: 0x08000000, Size: 0x0000f410, Max: 0x00040000, ABSOLUTE)

    Base Addr    Size         Type   Attr      Idx    E Section Name        Object

    0x08000000   0x00000130   Data   RO          429    RESET               startup_stm32f10x_hd.o
    0x08000130   0x00000008   Code   RO          974  * !!!main             c_w.l(__main.o)
    0x08000138   0x00000034   Code   RO         1207    !!!scatter          c_w.l(__scatter.o)
    0x0800016c   0x0000001a   Code   RO         1209    !!handler_copy      c_w.l(__scatter_copy.o)
    0x08000186   0x00000002   PAD
    0x08000188   0x0000001c   Code   RO         1211    !!handler_zi        c_w.l(__scatter_zi.o)
    0x080001a4   0x00000002   Code   RO         1078    .ARM.Collect$$libinit$$00000000  c_w.l(libinit.o)
    0x080001a6   0x00000000   Code   RO         1091    .ARM.Collect$$libinit$$00000002  c_w.l(libinit2.o)
    0x080001a6   0x00000000   Code   RO         1093    .ARM.Collect$$libinit$$00000004  c_w.l(libinit2.o)
    0x080001a6   0x00000000   Code   RO         1096    .ARM.Collect$$libinit$$0000000A  c_w.l(libinit2.o)
    0x080001a6   0x00000000   Code   RO         1098    .ARM.Collect$$libinit$$0000000C  c_w.l(libinit2.o)
    0x080001a6   0x00000000   Code   RO         1100    .ARM.Collect$$libinit$$0000000E  c_w.l(libinit2.o)
    0x080001a6   0x00000000   Code   RO         1103    .ARM.Collect$$libinit$$00000011  c_w.l(libinit2.o)
    0x080001a6   0x00000000   Code   RO         1105    .ARM.Collect$$libinit$$00000013  c_w.l(libinit2.o)
    0x080001a6   0x00000000   Code   RO         1107    .ARM.Collect$$libinit$$00000015  c_w.l(libinit2.o)
    0x080001a6   0x00000000   Code   RO         1109    .ARM.Collect$$libinit$$00000017  c_w.l(libinit2.o)
    0x080001a6   0x00000000   Code   RO         1111    .ARM.Collect$$libinit$$00000019  c_w.l(libinit2.o)
    0x080001a6   0x00000000   Code   RO         1113    .ARM.Collect$$libinit$$0000001B  c_w.l(libinit2.o)
    0x080001a6   0x00000000   Code   RO         1115    .ARM.Collect$$libinit$$0000001D  c_w.l(libinit2.o)
    0x080001a6   0x00000000   Code   RO         1117    .ARM.Collect$$libinit$$0000001F  c_w.l(libinit2.o)
    0x080001a6   0x00000000   Code   RO         1119    .ARM.Collect$$libinit$$00000021  c_w.l(libinit2.o)
    0x080001a6   0x00000000   Code   RO         1121    .ARM.Collect$$libinit$$00000023  c_w.l(libinit2.o)
    0x080001a6   0x00000000   Code   RO         1123    .ARM.Collect$$libinit$$00000025  c_w.l(libinit2.o)
    0x080001a6   0x00000000   Code   RO         1127    .ARM.Collect$$libinit$$0000002C  c_w.l(libinit2.o)
    0x080001a6   0x00000000   Code   RO         1129    .ARM.Collect$$libinit$$0000002E  c_w.l(libinit2.o)
    0x080001a6   0x00000000   Code   RO         1131    .ARM.Collect$$libinit$$00000030  c_w.l(libinit2.o)
    0x080001a6   0x00000000   Code   RO         1133    .ARM.Collect$$libinit$$00000032  c_w.l(libinit2.o)
    0x080001a6   0x00000002   Code   RO         1134    .ARM.Collect$$libinit$$00000033  c_w.l(libinit2.o)
    0x080001a8   0x00000002   Code   RO         1165    .ARM.Collect$$libshutdown$$00000000  c_w.l(libshutdown.o)
    0x080001aa   0x00000000   Code   RO         1192    .ARM.Collect$$libshutdown$$00000003  c_w.l(libshutdown2.o)
    0x080001aa   0x00000000   Code   RO         1195    .ARM.Collect$$libshutdown$$00000006  c_w.l(libshutdown2.o)
    0x080001aa   0x00000000   Code   RO         1198    .ARM.Collect$$libshutdown$$00000009  c_w.l(libshutdown2.o)
    0x080001aa   0x00000000   Code   RO         1200    .ARM.Collect$$libshutdown$$0000000B  c_w.l(libshutdown2.o)
    0x080001aa   0x00000000   Code   RO         1203    .ARM.Collect$$libshutdown$$0000000E  c_w.l(libshutdown2.o)
    0x080001aa   0x00000002   Code   RO         1204    .ARM.Collect$$libshutdown$$0000000F  c_w.l(libshutdown2.o)
    0x080001ac   0x00000000   Code   RO         1022    .ARM.Collect$$rtentry$$00000000  c_w.l(__rtentry.o)
    0x080001ac   0x00000000   Code   RO         1049    .ARM.Collect$$rtentry$$00000002  c_w.l(__rtentry2.o)
    0x080001ac   0x00000006   Code   RO         1061    .ARM.Collect$$rtentry$$00000004  c_w.l(__rtentry4.o)
    0x080001b2   0x00000000   Code   RO         1051    .ARM.Collect$$rtentry$$00000009  c_w.l(__rtentry2.o)
    0x080001b2   0x00000004   Code   RO         1052    .ARM.Collect$$rtentry$$0000000A  c_w.l(__rtentry2.o)
    0x080001b6   0x00000000   Code   RO         1054    .ARM.Collect$$rtentry$$0000000C  c_w.l(__rtentry2.o)
    0x080001b6   0x00000008   Code   RO         1055    .ARM.Collect$$rtentry$$0000000D  c_w.l(__rtentry2.o)
    0x080001be   0x00000002   Code   RO         1082    .ARM.Collect$$rtexit$$00000000  c_w.l(rtexit.o)
    0x080001c0   0x00000000   Code   RO         1138    .ARM.Collect$$rtexit$$00000002  c_w.l(rtexit2.o)
    0x080001c0   0x00000004   Code   RO         1139    .ARM.Collect$$rtexit$$00000003  c_w.l(rtexit2.o)
    0x080001c4   0x00000006   Code   RO         1140    .ARM.Collect$$rtexit$$00000004  c_w.l(rtexit2.o)
    0x080001ca   0x00000002   PAD
    0x080001cc   0x00000278   Code   RO            1    .text               main.o
    0x08000444   0x000001fc   Code   RO          190    .text               stm32f10x_cardrive.o
    0x08000640   0x00000280   Code   RO          208    .text               stm32f10x_motor.o
    0x080008c0   0x00000498   Code   RO          226    .text               stm32f10x_pwmout.o
    0x08000d58   0x00000034   Code   RO          263    .text               init.o
    0x08000d8c   0x00000344   Code   RO          275    .text               stm32f10x_lora.o
    0x080010d0   0x000001ac   Code   RO          294    .text               stm32f10x_lorasbus.o
    0x0800127c   0x000002c2   Code   RO          317    .text               stm32f10x_mapscomandsbus.o
    0x0800153e   0x00000002   PAD
    0x08001540   0x00000a34   Code   RO          329    .text               stm32f10x_scom.o
    0x08001f74   0x00000134   Code   RO          348    .text               stm32f10x_scom_it.o
    0x080020a8   0x000000d8   Code   RO          360    .text               task_data_input.o
    0x08002180   0x00000090   Code   RO          383    .text               task_data_output.o
    0x08002210   0x0000015c   Code   RO          399    .text               task_data_remap.o
    0x0800236c   0x00000040   Code   RO          430    .text               startup_stm32f10x_hd.o
    0x080023ac   0x00000016   Code   RO          434    .text               stm32f10x_it.o
    0x080023c2   0x00000002   PAD
    0x080023c4   0x000001e0   Code   RO          449    .text               system_stm32f10x.o
    0x080025a4   0x000000dc   Code   RO          467    .text               misc.o
    0x08002680   0x0000035c   Code   RO          479    .text               stm32f10x_gpio.o
    0x080029dc   0x00000408   Code   RO          491    .text               stm32f10x_usart.o
    0x08002de4   0x000003a4   Code   RO          503    .text               stm32f10x_rcc.o
    0x08003188   0x000005bc   Code   RO          517    .text               stm32f10x_flash.o
    0x08003744   0x00000254   Code   RO          529    .text               stm32f10x_dma.o
    0x08003998   0x00000e1a   Code   RO          541    .text               stm32f10x_tim.o
    0x080047b2   0x00000002   PAD
    0x080047b4   0x00000084   Code   RO          553    .text               bsp.o
    0x08004838   0x000002a8   Code   RO          568    .text               cpu_core.o
    0x08004ae0   0x00000034   Code   RO          606    .text               cpu_a.o
    0x08004b14   0x00000256   Code   RO          609    .text               lib_ascii.o
    0x08004d6a   0x00000002   PAD
    0x08004d6c   0x000009c6   Code   RO          642    .text               lib_mem.o
    0x08005732   0x00000002   PAD
    0x08005734   0x0000092c   Code   RO          661    .text               lib_str.o
    0x08006060   0x00000220   Code   RO          678    .text               lib_mem_a.o
    0x08006280   0x000000fc   Code   RO          681    .text               os_cfg_app.o
    0x0800637c   0x00000e04   Code   RO          704    .text               os_core.o
    0x08007180   0x000001b0   Code   RO          716    .text               os_dbg.o
    0x08007330   0x00000e28   Code   RO          731    .text               os_flag.o
    0x08008158   0x00000444   Code   RO          743    .text               os_int.o
    0x0800859c   0x00000238   Code   RO          755    .text               os_mem.o
    0x080087d4   0x0000022c   Code   RO          767    .text               os_msg.o
    0x08008a00   0x00000ad4   Code   RO          779    .text               os_mutex.o
    0x080094d4   0x0000007c   Code   RO          797    .text               os_prio.o
    0x08009550   0x000008d8   Code   RO          816    .text               os_q.o
    0x08009e28   0x00000830   Code   RO          828    .text               os_sem.o
    0x0800a658   0x00000638   Code   RO          840    .text               os_stat.o
    0x0800ac90   0x00001bb4   Code   RO          852    .text               os_task.o
    0x0800c844   0x000004fc   Code   RO          864    .text               os_tick.o
    0x0800cd40   0x00000564   Code   RO          876    .text               os_time.o
    0x0800d2a4   0x00000818   Code   RO          888    .text               os_tmr.o
    0x0800dabc   0x0000026c   Code   RO          917    .text               os_cpu_c.o
    0x0800dd28   0x0000014c   Code   RO          950    .text               delay.o
    0x0800de74   0x000000ee   Code   RO          966    .text               c_w.l(lludivv7m.o)
    0x0800df62   0x0000008a   Code   RO          968    .text               c_w.l(rt_memcpy_v6.o)
    0x0800dfec   0x00000064   Code   RO          970    .text               c_w.l(rt_memcpy_w.o)
    0x0800e050   0x00000006   Code   RO          972    .text               c_w.l(heapauxi.o)
    0x0800e056   0x0000004a   Code   RO         1065    .text               c_w.l(sys_stackheap_outer.o)
    0x0800e0a0   0x0000000c   Code   RO         1067    .text               c_w.l(exit.o)
    0x0800e0ac   0x00000008   Code   RO         1079    .text               c_w.l(libspace.o)
    0x0800e0b4   0x0000000c   Code   RO         1135    .text               c_w.l(sys_exit.o)
    0x0800e0c0   0x00000002   Code   RO         1154    .text               c_w.l(use_no_semi.o)
    0x0800e0c2   0x00000000   Code   RO         1156    .text               c_w.l(indicate_semi.o)
    0x0800e0c2   0x00000002   PAD
    0x0800e0c4   0x00000098   Code   RO          914    CODE                os_cpu_a.o
    0x0800e15c   0x000000dc   Code   RO         1015    i.ceil              m_ws.l(ceil.o)
    0x0800e238   0x0000007c   Code   RO         1019    i.floorf            m_ws.l(floorf.o)
    0x0800e2b4   0x00000062   Code   RO          976    x$fpl$d2f           fz_ws.l(d2f.o)
    0x0800e316   0x00000002   PAD
    0x0800e318   0x00000150   Code   RO          978    x$fpl$dadd          fz_ws.l(daddsub_clz.o)
    0x0800e468   0x00000018   Code   RO         1027    x$fpl$dcmpinf       fz_ws.l(dcmpi.o)
    0x0800e480   0x0000005a   Code   RO          984    x$fpl$dfixu         fz_ws.l(dfixu.o)
    0x0800e4da   0x00000002   PAD
    0x0800e4dc   0x00000078   Code   RO          988    x$fpl$dleqf         fz_ws.l(dleqf.o)
    0x0800e554   0x00000154   Code   RO          990    x$fpl$dmul          fz_ws.l(dmul.o)
    0x0800e6a8   0x0000009c   Code   RO         1029    x$fpl$dnaninf       fz_ws.l(dnaninf.o)
    0x0800e744   0x0000000c   Code   RO         1031    x$fpl$dretinf       fz_ws.l(dretinf.o)
    0x0800e750   0x0000006c   Code   RO         1033    x$fpl$drleqf        fz_ws.l(drleqf.o)
    0x0800e7bc   0x00000016   Code   RO          979    x$fpl$drsb          fz_ws.l(daddsub_clz.o)
    0x0800e7d2   0x00000002   PAD
    0x0800e7d4   0x000001d4   Code   RO          980    x$fpl$dsub          fz_ws.l(daddsub_clz.o)
    0x0800e9a8   0x00000056   Code   RO          992    x$fpl$f2d           fz_ws.l(f2d.o)
    0x0800e9fe   0x00000002   PAD
    0x0800ea00   0x000000c4   Code   RO         1035    x$fpl$fadd          fz_ws.l(faddsub_clz.o)
    0x0800eac4   0x00000018   Code   RO         1041    x$fpl$fcmpinf       fz_ws.l(fcmpi.o)
    0x0800eadc   0x00000184   Code   RO          995    x$fpl$fdiv          fz_ws.l(fdiv.o)
    0x0800ec60   0x0000003e   Code   RO          998    x$fpl$ffixu         fz_ws.l(ffixu.o)
    0x0800ec9e   0x00000002   PAD
    0x0800eca0   0x00000030   Code   RO         1003    x$fpl$fflt          fz_ws.l(fflt_clz.o)
    0x0800ecd0   0x00000026   Code   RO         1002    x$fpl$ffltu         fz_ws.l(fflt_clz.o)
    0x0800ecf6   0x00000002   PAD
    0x0800ecf8   0x00000068   Code   RO         1008    x$fpl$fleqf         fz_ws.l(fleqf.o)
    0x0800ed60   0x00000102   Code   RO         1010    x$fpl$fmul          fz_ws.l(fmul.o)
    0x0800ee62   0x0000008c   Code   RO         1043    x$fpl$fnaninf       fz_ws.l(fnaninf.o)
    0x0800eeee   0x0000000a   Code   RO         1045    x$fpl$fretinf       fz_ws.l(fretinf.o)
    0x0800eef8   0x00000062   Code   RO         1012    x$fpl$frleqf        fz_ws.l(frleqf.o)
    0x0800ef5a   0x00000002   PAD
    0x0800ef5c   0x000000ea   Code   RO         1037    x$fpl$fsub          fz_ws.l(faddsub_clz.o)
    0x0800f046   0x00000000   Code   RO         1047    x$fpl$usenofp       fz_ws.l(usenofp.o)
    0x0800f046   0x00000002   PAD
    0x0800f048   0x00000104   Data   RO          570    .constdata          cpu_core.o
    0x0800f14c   0x00000094   Data   RO          662    .constdata          lib_str.o
    0x0800f1e0   0x000000a4   Data   RO          683    .constdata          os_cfg_app.o
    0x0800f284   0x0000016c   Data   RO          717    .constdata          os_dbg.o
    0x0800f3f0   0x00000020   Data   RO         1205    Region$$Table       anon$$obj.o


    Execution Region RW_IRAM1 (Base: 0x20000000, Size: 0x00004350, Max: 0x0000c000, ABSOLUTE)

    Base Addr    Size         Type   Attr      Idx    E Section Name        Object

    0x20000000   0x00000004   Data   RW          296    .data               stm32f10x_lorasbus.o
    0x20000004   0x0000000a   Data   RW          331    .data               stm32f10x_scom.o
    0x2000000e   0x00000002   PAD
    0x20000010   0x00000010   Data   RW          401    .data               task_data_remap.o
    0x20000020   0x00000014   Data   RW          450    .data               system_stm32f10x.o
    0x20000034   0x00000014   Data   RW          504    .data               stm32f10x_rcc.o
    0x20000048   0x00000004   Data   RW          571    .data               cpu_core.o
    0x2000004c   0x00000004   Data   RW          644    .data               lib_mem.o
    0x20000050   0x00000008   Data   RW          798    .data               os_prio.o
    0x20000058   0x000000c8   Data   RW          901    .data               os_var.o
    0x20000120   0x00000004   Data   RW          918    .data               os_cpu_c.o
    0x20000124   0x00000004   Data   RW          951    .data               delay.o
    0x20000128   0x000002c4   Zero   RW            2    .bss                main.o
    0x200003ec   0x00000018   Zero   RW          191    .bss                stm32f10x_cardrive.o
    0x20000404   0x00000090   Zero   RW          209    .bss                stm32f10x_motor.o
    0x20000494   0x00000180   Zero   RW          227    .bss                stm32f10x_pwmout.o
    0x20000614   0x00000180   Zero   RW          276    .bss                stm32f10x_lora.o
    0x20000794   0x00000078   Zero   RW          295    .bss                stm32f10x_lorasbus.o
    0x2000080c   0x00000204   Zero   RW          330    .bss                stm32f10x_scom.o
    0x20000a10   0x00000568   Zero   RW          361    .bss                task_data_input.o
    0x20000f78   0x000004c4   Zero   RW          384    .bss                task_data_output.o
    0x2000143c   0x000004ec   Zero   RW          400    .bss                task_data_remap.o
    0x20001928   0x00000010   Zero   RW          569    .bss                cpu_core.o
    0x20001938   0x00000448   Zero   RW          643    .bss                lib_mem.o
    0x20001d80   0x00001490   Zero   RW          682    .bss                os_cfg_app.o
    0x20003210   0x000006e0   Zero   RW          900    .bss                os_var.o
    0x200038f0   0x00000060   Zero   RW         1080    .bss                c_w.l(libspace.o)
    0x20003950   0x00000200   Zero   RW          428    HEAP                startup_stm32f10x_hd.o
    0x20003b50   0x00000800   Zero   RW          427    STACK               startup_stm32f10x_hd.o


==============================================================================

Image component sizes


      Code (inc. data)   RO Data    RW Data    ZI Data      Debug   Object Name

       132         12          0          0          0       1199   bsp.o
         0          0          0          0          0         32   core_cm3.o
        52          0          0          0          0        380   cpu_a.o
       680         14        260          4         16      14583   cpu_core.o
       332         28          0          4          0       1905   delay.o
        52          8          0          0          0        609   init.o
       598          0          0          0          0       3756   lib_ascii.o
      2502         32          0          4       1096      21996   lib_mem.o
       544          0          0          0          0        524   lib_mem_a.o
      2348          6        148          0          0      13250   lib_str.o
       632         28          0          0        708     324752   main.o
       220         22          0          0          0       1945   misc.o
       252        166        164          0       5264      21154   os_cfg_app.o
      3588        294          0          0          0      12153   os_core.o
       152         32          0          0          0        436   os_cpu_a.o
       620         66          0          4          0       4005   os_cpu_c.o
       432        286        364          0          0       4941   os_dbg.o
      3624        110          0          0          0       7819   os_flag.o
      1092        146          0          0          0       2396   os_int.o
       568         20          0          0          0       2792   os_mem.o
       556         12          0          0          0       2851   os_msg.o
      2772        114          0          0          0       5510   os_mutex.o
       124          4          0          8          0       1936   os_prio.o
      2264         76          0          0          0       6192   os_q.o
      2096         70          0          0          0       6208   os_sem.o
      1592        180          0          0          0       2893   os_stat.o
      7092        270          0          0          0      13570   os_task.o
      1276         90          0          0          0       3353   os_tick.o
      1380         46          0          0          0       3289   os_time.o
      2072        140          0          0          0       6390   os_tmr.o
         0          0          0        200       1760      19485   os_var.o
        64         26        304          0       2560        836   startup_stm32f10x_hd.o
       508         26          0          0         24       2700   stm32f10x_cardrive.o
       596          8          0          0          0       4478   stm32f10x_dma.o
      1468         34          0          0          0       8182   stm32f10x_flash.o
       860         38          0          0          0       5797   stm32f10x_gpio.o
        22          0          0          0          0       1075   stm32f10x_it.o
       836         38          0          0        384       7080   stm32f10x_lora.o
       428         16          0          4        120      20542   stm32f10x_lorasbus.o
       706          0          0          0          0       1788   stm32f10x_mapscomandsbus.o
       640         34          0          0        144       5087   stm32f10x_motor.o
      1176         84          0          0        384       7414   stm32f10x_pwmout.o
       932         36          0         20          0       9036   stm32f10x_rcc.o
      2612        146          0         10        516       8491   stm32f10x_scom.o
       308         14          0          0          0       1403   stm32f10x_scom_it.o
      3610         88          0          0          0      22280   stm32f10x_tim.o
      1032         22          0          0          0       8516   stm32f10x_usart.o
       480         38          0         20          0       1967   system_stm32f10x.o
       216         32          0          0       1384       2332   task_data_input.o
       144         34          0          0       1220       1805   task_data_output.o
       348         50          0         16       1260       2015   task_data_remap.o

    ----------------------------------------------------------------------
     56640       3036       1272        296      16840     635128   Object Totals
         0          0         32          0          0          0   (incl. Generated)
        10          0          0          2          0          0   (incl. Padding)

    ----------------------------------------------------------------------

      Code (inc. data)   RO Data    RW Data    ZI Data      Debug   Library Member Name

         8          0          0          0          0         68   __main.o
         0          0          0          0          0          0   __rtentry.o
        12          0          0          0          0          0   __rtentry2.o
         6          0          0          0          0          0   __rtentry4.o
        52          8          0          0          0          0   __scatter.o
        26          0          0          0          0          0   __scatter_copy.o
        28          0          0          0          0          0   __scatter_zi.o
        12          0          0          0          0         72   exit.o
         6          0          0          0          0        152   heapauxi.o
         0          0          0          0          0          0   indicate_semi.o
         2          0          0          0          0          0   libinit.o
         2          0          0          0          0          0   libinit2.o
         2          0          0          0          0          0   libshutdown.o
         2          0          0          0          0          0   libshutdown2.o
         8          4          0          0         96         68   libspace.o
       238          0          0          0          0        100   lludivv7m.o
       138          0          0          0          0         68   rt_memcpy_v6.o
       100          0          0          0          0         80   rt_memcpy_w.o
         2          0          0          0          0          0   rtexit.o
        10          0          0          0          0          0   rtexit2.o
        12          4          0          0          0         68   sys_exit.o
        74          0          0          0          0         80   sys_stackheap_outer.o
         2          0          0          0          0         68   use_no_semi.o
        98          4          0          0          0         92   d2f.o
       826         16          0          0          0        348   daddsub_clz.o
        24          0          0          0          0         68   dcmpi.o
        90          4          0          0          0         92   dfixu.o
       120          4          0          0          0         92   dleqf.o
       340         12          0          0          0        104   dmul.o
       156          4          0          0          0         92   dnaninf.o
        12          0          0          0          0         68   dretinf.o
       108          0          0          0          0         80   drleqf.o
        86          4          0          0          0         84   f2d.o
       430          8          0          0          0        168   faddsub_clz.o
        24          0          0          0          0         68   fcmpi.o
       388         76          0          0          0         96   fdiv.o
        62          4          0          0          0         84   ffixu.o
        86          0          0          0          0        136   fflt_clz.o
       104          4          0          0          0         84   fleqf.o
       258          4          0          0          0         84   fmul.o
       140          4          0          0          0         84   fnaninf.o
        10          0          0          0          0         68   fretinf.o
        98          0          0          0          0         68   frleqf.o
         0          0          0          0          0          0   usenofp.o
       220         16          0          0          0         84   ceil.o
       124         12          0          0          0         84   floorf.o

    ----------------------------------------------------------------------
      4568        192          0          0         96       3052   Library Totals
        22          0          0          0          0          0   (incl. Padding)

    ----------------------------------------------------------------------

      Code (inc. data)   RO Data    RW Data    ZI Data      Debug   Library Name

       742         16          0          0         96        824   c_w.l
      3460        148          0          0          0       2060   fz_ws.l
       344         28          0          0          0        168   m_ws.l

    ----------------------------------------------------------------------
      4568        192          0          0         96       3052   Library Totals

    ----------------------------------------------------------------------

==============================================================================


      Code (inc. data)   RO Data    RW Data    ZI Data      Debug   

     61208       3228       1272        296      16936     632092   Grand Totals
     61208       3228       1272        296      16936     632092   ELF Image Totals
     61208       3228       1272        296          0          0   ROM Totals

==============================================================================

    Total RO  Size (Code + RO Data)                62480 (  61.02kB)
    Total RW  Size (RW Data + ZI Data)             17232 (  16.83kB)
    Total ROM Size (Code + RO Data + RW Data)      62776 (  61.30kB)

==============================================================================

